../Core/Src/filters/filter_lowpass.c:16:6:filter_lp_RC_init	16	static
../Core/Src/filters/filter_lowpass.c:26:6:filter_lp_update	8	static
../Core/Src/filters/filter_lowpass.c:33:6:filter_lp_RC_deinit	8	static
../Core/Src/filters/filter_lowpass.c:37:10:filter_lp_RC_get_next	24	static
../Core/Src/filters/filter_lowpass.c:44:10:filter_lp_RC_get_fc	4	static
../Core/Src/filters/filter_lowpass.c:48:6:filter_lowpass_RC_set_fc	16	static
../Core/Src/filters/filter_lowpass.c:53:6:filter_lp_RC_set_R	16	static
../Core/Src/filters/filter_lowpass.c:57:6:filter_lp_RC_set_C	16	static
../Core/Src/filters/filter_lowpass.c:61:6:filter_lp_set_alpha	32	static
../Core/Src/filters/filter_lowpass.c:66:6:filter_lp_set_active	16	static
../Core/Src/filters/filter_lowpass.c:70:6:filter_lp_get_active	4	static
../Core/Src/filters/filter_lowpass.c:74:10:filter_lp_compute_fc	24	static
../Core/Src/filters/filter_lowpass.c:78:7:filter_lp_compute_R	24	static
../Core/Src/filters/filter_lowpass.c:82:7:filter_lp_compute_C	24	static
