../Core/Src/envelope.c:37:6:draw_slope	48	static
../Core/Src/envelope.c:44:6:draw_lin_slope	32	static
../Core/Src/envelope.c:51:6:env_ADSR_init	8	static
../Core/Src/envelope.c:58:5:env_update_ADSR	16	static
../Core/Src/envelope.c:71:6:atc_update	8	static
../Core/Src/envelope.c:76:6:dec_update	8	static
../Core/Src/envelope.c:80:6:sus_update	8	static
../Core/Src/envelope.c:84:6:rel_update	8	static
../Core/Src/envelope.c:88:6:env_create	16	static
../Core/Src/envelope.c:99:8:env_map_get	24	static
../Core/Src/envelope.c:104:6:env_release	16	static
../Core/Src/envelope.c:109:6:env_process_update	8	static
../Core/Src/envelope.c:118:6:env_process	24	static
../Core/Src/envelope.c:181:7:slope_compute_next	24	static
