../Core/Src/main.c:111:5:main	96	static
../Core/Src/main.c:246:6:SystemClock_Config	88	static
../Core/Src/main.c:292:6:MX_ADC1_Init	24	static
../Core/Src/main.c:461:6:MX_I2C1_Init	8	static
../Core/Src/main.c:495:6:MX_I2S3_Init	8	static
../Core/Src/main.c:529:13:MX_TIM3_Init	48	static
../Core/Src/main.c:577:13:MX_TIM7_Init	16	static
../Core/Src/main.c:613:13:MX_DMA_Init	16	static
../Core/Src/main.c:635:13:MX_GPIO_Init	56	static
../Core/Src/main.c:728:6:HAL_I2S_TxHalfCpltCallback	16	static
../Core/Src/main.c:734:6:HAL_I2S_TxCpltCallback	16	static
../Core/Src/main.c:756:6:Error_Handler	4	static,ignoring_inline_asm
