../Core/Src/mixer.c:61:6:mixer_init	24	static
../Core/Src/mixer.c:75:10:adc_hysteresis	24	static
../Core/Src/mixer.c:85:6:mixer_update	16	static
../Core/Src/mixer.c:111:6:mixer_get_updated	4	static
../Core/Src/mixer.c:116:10:mixer_get_filter_fc_low	4	static
../Core/Src/mixer.c:126:10:mixer_get_filter_fc_high	4	static
../Core/Src/mixer.c:135:10:mixer_get_volume	4	static
../Core/Src/mixer.c:139:10:mixer_get_attack	4	static
../Core/Src/mixer.c:143:10:mixer_get_decay	4	static
../Core/Src/mixer.c:147:10:mixer_get_sustain	4	static
../Core/Src/mixer.c:151:10:mixer_get_release	4	static
../Core/Src/mixer.c:155:10:mixer_get_PWM	4	static
../Core/Src/mixer.c:162:10:mixer_get_df	4	static
../Core/Src/mixer.c:170:10:mixer_get_OSC1_FM	4	static
../Core/Src/mixer.c:178:10:mixer_get_OSC2_FM	4	static
../Core/Src/mixer.c:185:10:mixer_get_pm_beta	4	static
../Core/Src/mixer.c:193:10:mixer_get_pm_beta2	4	static
../Core/Src/mixer.c:200:10:mixer_get_pmf	4	static
../Core/Src/mixer.c:207:9:mixer_get_OSC_ws	16	static
../Core/Src/mixer.c:221:9:mixer_get_waveshape_out	4	static
../Core/Src/mixer.c:225:20:mixer_get_wave_out_mode	4	static
../Core/Src/mixer.c:229:15:mixer_get_OSC1_mode	4	static
../Core/Src/mixer.c:233:15:mixer_get_OSC2_mode	4	static
../Core/Src/mixer.c:237:6:mixer_get_filter_en	4	static
../Core/Src/mixer.c:241:6:mixer_is_PWM_en	4	static
../Core/Src/mixer.c:245:6:mixer_is_LFO_en	4	static
../Core/Src/mixer.c:249:6:mixer_cycle_wave	16	static
../Core/Src/mixer.c:269:6:mixer_cycle_mode	4	static
../Core/Src/mixer.c:285:6:mixer_cycle_OSC_mode	16	static
../Core/Src/mixer.c:300:6:mixer_LFO_toggle	4	static
../Core/Src/mixer.c:304:6:mixer_LFO2_toggle	4	static
../Core/Src/mixer.c:308:6:mixer_PWM_toggle	4	static
../Core/Src/mixer.c:312:6:mixer_filter_toggle	4	static
../Core/Src/mixer.c:316:6:mixer_PM_mult_cycle	4	static
../Core/Src/mixer.c:320:7:mixer_get_PM_mult	4	static
../Core/Src/mixer.c:324:6:mixer_get_sync	4	static
../Core/Src/mixer.c:328:6:HAL_ADC_ConvHalfCpltCallback	16	static
../Core/Src/mixer.c:333:6:HAL_ADC_ConvCpltCallback	16	static
../Core/Src/mixer.c:339:6:HAL_GPIO_EXTI_Callback	16	static
