Archive member included to satisfy reference by file (symbol)

/opt/st/stm32cubeide_1.10.1/plugins/com.st.stm32cube.ide.mcu.externaltools.gnu-tools-for-stm32.10.3-2021.10.linux64_1.0.0.202111181127/tools/bin/../lib/gcc/arm-none-eabi/10.3.1/../../../../arm-none-eabi/lib/thumb/v7e-m+fp/hard/libc_nano.a(lib_a-errno.o)
                              ./Core/Src/syscalls.o (__errno)
/opt/st/stm32cubeide_1.10.1/plugins/com.st.stm32cube.ide.mcu.externaltools.gnu-tools-for-stm32.10.3-2021.10.linux64_1.0.0.202111181127/tools/bin/../lib/gcc/arm-none-eabi/10.3.1/../../../../arm-none-eabi/lib/thumb/v7e-m+fp/hard/libc_nano.a(lib_a-exit.o)
                              /opt/st/stm32cubeide_1.10.1/plugins/com.st.stm32cube.ide.mcu.externaltools.gnu-tools-for-stm32.10.3-2021.10.linux64_1.0.0.202111181127/tools/bin/../lib/gcc/arm-none-eabi/10.3.1/../../../../arm-none-eabi/lib/thumb/v7e-m+fp/hard/crt0.o (exit)
/opt/st/stm32cubeide_1.10.1/plugins/com.st.stm32cube.ide.mcu.externaltools.gnu-tools-for-stm32.10.3-2021.10.linux64_1.0.0.202111181127/tools/bin/../lib/gcc/arm-none-eabi/10.3.1/../../../../arm-none-eabi/lib/thumb/v7e-m+fp/hard/libc_nano.a(lib_a-impure.o)
                              /opt/st/stm32cubeide_1.10.1/plugins/com.st.stm32cube.ide.mcu.externaltools.gnu-tools-for-stm32.10.3-2021.10.linux64_1.0.0.202111181127/tools/bin/../lib/gcc/arm-none-eabi/10.3.1/../../../../arm-none-eabi/lib/thumb/v7e-m+fp/hard/libc_nano.a(lib_a-exit.o) (_global_impure_ptr)
/opt/st/stm32cubeide_1.10.1/plugins/com.st.stm32cube.ide.mcu.externaltools.gnu-tools-for-stm32.10.3-2021.10.linux64_1.0.0.202111181127/tools/bin/../lib/gcc/arm-none-eabi/10.3.1/../../../../arm-none-eabi/lib/thumb/v7e-m+fp/hard/libc_nano.a(lib_a-init.o)
                              /opt/st/stm32cubeide_1.10.1/plugins/com.st.stm32cube.ide.mcu.externaltools.gnu-tools-for-stm32.10.3-2021.10.linux64_1.0.0.202111181127/tools/bin/../lib/gcc/arm-none-eabi/10.3.1/../../../../arm-none-eabi/lib/thumb/v7e-m+fp/hard/crt0.o (__libc_init_array)
/opt/st/stm32cubeide_1.10.1/plugins/com.st.stm32cube.ide.mcu.externaltools.gnu-tools-for-stm32.10.3-2021.10.linux64_1.0.0.202111181127/tools/bin/../lib/gcc/arm-none-eabi/10.3.1/../../../../arm-none-eabi/lib/thumb/v7e-m+fp/hard/libc_nano.a(lib_a-malloc.o)
                              ./Core/Src/usbh_MIDI.o (malloc)
/opt/st/stm32cubeide_1.10.1/plugins/com.st.stm32cube.ide.mcu.externaltools.gnu-tools-for-stm32.10.3-2021.10.linux64_1.0.0.202111181127/tools/bin/../lib/gcc/arm-none-eabi/10.3.1/../../../../arm-none-eabi/lib/thumb/v7e-m+fp/hard/libc_nano.a(lib_a-memcpy-stub.o)
                              ./Core/Src/MY_CS43L22.o (memcpy)
/opt/st/stm32cubeide_1.10.1/plugins/com.st.stm32cube.ide.mcu.externaltools.gnu-tools-for-stm32.10.3-2021.10.linux64_1.0.0.202111181127/tools/bin/../lib/gcc/arm-none-eabi/10.3.1/../../../../arm-none-eabi/lib/thumb/v7e-m+fp/hard/libc_nano.a(lib_a-memset.o)
                              /opt/st/stm32cubeide_1.10.1/plugins/com.st.stm32cube.ide.mcu.externaltools.gnu-tools-for-stm32.10.3-2021.10.linux64_1.0.0.202111181127/tools/bin/../lib/gcc/arm-none-eabi/10.3.1/../../../../arm-none-eabi/lib/thumb/v7e-m+fp/hard/crt0.o (memset)
/opt/st/stm32cubeide_1.10.1/plugins/com.st.stm32cube.ide.mcu.externaltools.gnu-tools-for-stm32.10.3-2021.10.linux64_1.0.0.202111181127/tools/bin/../lib/gcc/arm-none-eabi/10.3.1/../../../../arm-none-eabi/lib/thumb/v7e-m+fp/hard/libc_nano.a(lib_a-nano-freer.o)
                              /opt/st/stm32cubeide_1.10.1/plugins/com.st.stm32cube.ide.mcu.externaltools.gnu-tools-for-stm32.10.3-2021.10.linux64_1.0.0.202111181127/tools/bin/../lib/gcc/arm-none-eabi/10.3.1/../../../../arm-none-eabi/lib/thumb/v7e-m+fp/hard/libc_nano.a(lib_a-malloc.o) (_free_r)
/opt/st/stm32cubeide_1.10.1/plugins/com.st.stm32cube.ide.mcu.externaltools.gnu-tools-for-stm32.10.3-2021.10.linux64_1.0.0.202111181127/tools/bin/../lib/gcc/arm-none-eabi/10.3.1/../../../../arm-none-eabi/lib/thumb/v7e-m+fp/hard/libc_nano.a(lib_a-nano-mallocr.o)
                              /opt/st/stm32cubeide_1.10.1/plugins/com.st.stm32cube.ide.mcu.externaltools.gnu-tools-for-stm32.10.3-2021.10.linux64_1.0.0.202111181127/tools/bin/../lib/gcc/arm-none-eabi/10.3.1/../../../../arm-none-eabi/lib/thumb/v7e-m+fp/hard/libc_nano.a(lib_a-malloc.o) (_malloc_r)
/opt/st/stm32cubeide_1.10.1/plugins/com.st.stm32cube.ide.mcu.externaltools.gnu-tools-for-stm32.10.3-2021.10.linux64_1.0.0.202111181127/tools/bin/../lib/gcc/arm-none-eabi/10.3.1/../../../../arm-none-eabi/lib/thumb/v7e-m+fp/hard/libc_nano.a(lib_a-sbrkr.o)
                              /opt/st/stm32cubeide_1.10.1/plugins/com.st.stm32cube.ide.mcu.externaltools.gnu-tools-for-stm32.10.3-2021.10.linux64_1.0.0.202111181127/tools/bin/../lib/gcc/arm-none-eabi/10.3.1/../../../../arm-none-eabi/lib/thumb/v7e-m+fp/hard/libc_nano.a(lib_a-nano-mallocr.o) (_sbrk_r)
[...]
Memory Configuration

Name             Origin             Length             Attributes
CCMRAM           0x0000000010000000 0x0000000000010000 xrw
RAM              0x0000000020000000 0x0000000000020000 xrw
FLASH            0x0000000008000000 0x0000000000100000 xr
*default*        0x0000000000000000 0xffffffffffffffff

Linker script and memory map

LOAD /opt/st/stm32cubeide_1.10.1/plugins/com.st.stm32cube.ide.mcu.externaltools.gnu-tools-for-stm32.10.3-2021.10.linux64_1.0.0.202111181127/tools/bin/../lib/gcc/arm-none-eabi/10.3.1/thumb/v7e-m+fp/hard/crti.o
LOAD /opt/st/stm32cubeide_1.10.1/plugins/com.st.stm32cube.ide.mcu.externaltools.gnu-tools-for-stm32.10.3-2021.10.linux64_1.0.0.202111181127/tools/bin/../lib/gcc/arm-none-eabi/10.3.1/thumb/v7e-m+fp/hard/crtbegin.o
LOAD /opt/st/stm32cubeide_1.10.1/plugins/com.st.stm32cube.ide.mcu.externaltools.gnu-tools-for-stm32.10.3-2021.10.linux64_1.0.0.202111181127/tools/bin/../lib/gcc/arm-none-eabi/10.3.1/../../../../arm-none-eabi/lib/thumb/v7e-m+fp/hard/crt0.o
LOAD ./Core/Src/DSP_utils.o
LOAD ./Core/Src/MIDI_application.o
LOAD ./Core/Src/MY_CS43L22.o
LOAD ./Core/Src/OSC.o
LOAD ./Core/Src/envelope.o
LOAD ./Core/Src/filter.o
LOAD ./Core/Src/fm_modulator.o
LOAD ./Core/Src/main.o
LOAD ./Core/Src/mixer.o
LOAD ./Core/Src/note_frequency.o
LOAD ./Core/Src/output_handler.o
LOAD ./Core/Src/stm32f4xx_hal_msp.o
LOAD ./Core/Src/stm32f4xx_it.o
LOAD ./Core/Src/syscalls.o
LOAD ./Core/Src/sysmem.o
LOAD ./Core/Src/system_stm32f4xx.o
LOAD ./Core/Src/timer_utils.o
LOAD ./Core/Src/usbh_MIDI.o
LOAD ./Core/Src/wavetable.o
LOAD ./Core/Src/filters/filter_highpass.o
LOAD ./Core/Src/filters/filter_lowpass.o
LOAD ./Core/Src/filters/filter_resonance.o
LOAD ./Core/Startup/startup_stm32f407vgtx.o
LOAD ./Drivers/STM32F4xx_HAL_Driver/Src/stm32f4xx_hal.o
LOAD ./Drivers/STM32F4xx_HAL_Driver/Src/stm32f4xx_hal_adc.o
LOAD ./Drivers/STM32F4xx_HAL_Driver/Src/stm32f4xx_hal_adc_ex.o
LOAD ./Drivers/STM32F4xx_HAL_Driver/Src/stm32f4xx_hal_cortex.o
LOAD ./Drivers/STM32F4xx_HAL_Driver/Src/stm32f4xx_hal_dma.o
LOAD ./Drivers/STM32F4xx_HAL_Driver/Src/stm32f4xx_hal_dma_ex.o
LOAD ./Drivers/STM32F4xx_HAL_Driver/Src/stm32f4xx_hal_exti.o
LOAD ./Drivers/STM32F4xx_HAL_Driver/Src/stm32f4xx_hal_flash.o
LOAD ./Drivers/STM32F4xx_HAL_Driver/Src/stm32f4xx_hal_flash_ex.o
LOAD ./Drivers/STM32F4xx_HAL_Driver/Src/stm32f4xx_hal_flash_ramfunc.o
LOAD ./Drivers/STM32F4xx_HAL_Driver/Src/stm32f4xx_hal_gpio.o
LOAD ./Drivers/STM32F4xx_HAL_Driver/Src/stm32f4xx_hal_hcd.o
LOAD ./Drivers/STM32F4xx_HAL_Driver/Src/stm32f4xx_hal_i2c.o
LOAD ./Drivers/STM32F4xx_HAL_Driver/Src/stm32f4xx_hal_i2c_ex.o
LOAD ./Drivers/STM32F4xx_HAL_Driver/Src/stm32f4xx_hal_i2s.o
LOAD ./Drivers/STM32F4xx_HAL_Driver/Src/stm32f4xx_hal_i2s_ex.o
LOAD ./Drivers/STM32F4xx_HAL_Driver/Src/stm32f4xx_hal_pwr.o
LOAD ./Drivers/STM32F4xx_HAL_Driver/Src/stm32f4xx_hal_pwr_ex.o
LOAD ./Drivers/STM32F4xx_HAL_Driver/Src/stm32f4xx_hal_rcc.o
LOAD ./Drivers/STM32F4xx_HAL_Driver/Src/stm32f4xx_hal_rcc_ex.o
LOAD ./Drivers/STM32F4xx_HAL_Driver/Src/stm32f4xx_hal_tim.o
LOAD ./Drivers/STM32F4xx_HAL_Driver/Src/stm32f4xx_hal_tim_ex.o
LOAD ./Drivers/STM32F4xx_HAL_Driver/Src/stm32f4xx_ll_adc.o
LOAD ./Drivers/STM32F4xx_HAL_Driver/Src/stm32f4xx_ll_usb.o
LOAD ./Middlewares/ST/STM32_USB_Host_Library/Class/AUDIO/Src/usbh_audio.o
LOAD ./Middlewares/ST/STM32_USB_Host_Library/Core/Src/usbh_core.o
LOAD ./Middlewares/ST/STM32_USB_Host_Library/Core/Src/usbh_ctlreq.o
LOAD ./Middlewares/ST/STM32_USB_Host_Library/Core/Src/usbh_ioreq.o
LOAD ./Middlewares/ST/STM32_USB_Host_Library/Core/Src/usbh_pipes.o
LOAD ./USB_HOST/App/usb_host.o
LOAD ./USB_HOST/Target/usbh_conf.o
LOAD ./USB_HOST/Target/usbh_platform.o
START GROUP
LOAD /opt/st/stm32cubeide_1.10.1/plugins/com.st.stm32cube.ide.mcu.externaltools.gnu-tools-for-stm32.10.3-2021.10.linux64_1.0.0.202111181127/tools/bin/../lib/gcc/arm-none-eabi/10.3.1/../../../../arm-none-eabi/lib/thumb/v7e-m+fp/hard/libc_nano.a
LOAD /opt/st/stm32cubeide_1.10.1/plugins/com.st.stm32cube.ide.mcu.externaltools.gnu-tools-for-stm32.10.3-2021.10.linux64_1.0.0.202111181127/tools/bin/../lib/gcc/arm-none-eabi/10.3.1/../../../../arm-none-eabi/lib/thumb/v7e-m+fp/hard/libm.a
END GROUP
START GROUP
LOAD /opt/st/stm32cubeide_1.10.1/plugins/com.st.stm32cube.ide.mcu.externaltools.gnu-tools-for-stm32.10.3-2021.10.linux64_1.0.0.202111181127/tools/bin/../lib/gcc/arm-none-eabi/10.3.1/thumb/v7e-m+fp/hard/libgcc.a
LOAD /opt/st/stm32cubeide_1.10.1/plugins/com.st.stm32cube.ide.mcu.externaltools.gnu-tools-for-stm32.10.3-2021.10.linux64_1.0.0.202111181127/tools/bin/../lib/gcc/arm-none-eabi/10.3.1/../../../../arm-none-eabi/lib/thumb/v7e-m+fp/hard/libc_nano.a
END GROUP
START GROUP
LOAD /opt/st/stm32cubeide_1.10.1/plugins/com.st.stm32cube.ide.mcu.externaltools.gnu-tools-for-stm32.10.3-2021.10.linux64_1.0.0.202111181127/tools/bin/../lib/gcc/arm-none-eabi/10.3.1/thumb/v7e-m+fp/hard/libgcc.a
LOAD /opt/st/stm32cubeide_1.10.1/plugins/com.st.stm32cube.ide.mcu.externaltools.gnu-tools-for-stm32.10.3-2021.10.linux64_1.0.0.202111181127/tools/bin/../lib/gcc/arm-none-eabi/10.3.1/../../../../arm-none-eabi/lib/thumb/v7e-m+fp/hard/libc_nano.a
LOAD /opt/st/stm32cubeide_1.10.1/plugins/com.st.stm32cube.ide.mcu.externaltools.gnu-tools-for-stm32.10.3-2021.10.linux64_1.0.0.202111181127/tools/bin/../lib/gcc/arm-none-eabi/10.3.1/../../../../arm-none-eabi/lib/thumb/v7e-m+fp/hard/libnosys.a
END GROUP
START GROUP
LOAD /opt/st/stm32cubeide_1.10.1/plugins/com.st.stm32cube.ide.mcu.externaltools.gnu-tools-for-stm32.10.3-2021.10.linux64_1.0.0.202111181127/tools/bin/../lib/gcc/arm-none-eabi/10.3.1/thumb/v7e-m+fp/hard/libgcc.a
LOAD /opt/st/stm32cubeide_1.10.1/plugins/com.st.stm32cube.ide.mcu.externaltools.gnu-tools-for-stm32.10.3-2021.10.linux64_1.0.0.202111181127/tools/bin/../lib/gcc/arm-none-eabi/10.3.1/../../../../arm-none-eabi/lib/thumb/v7e-m+fp/hard/libc_nano.a
LOAD /opt/st/stm32cubeide_1.10.1/plugins/com.st.stm32cube.ide.mcu.externaltools.gnu-tools-for-stm32.10.3-2021.10.linux64_1.0.0.202111181127/tools/bin/../lib/gcc/arm-none-eabi/10.3.1/../../../../arm-none-eabi/lib/thumb/v7e-m+fp/hard/libnosys.a
END GROUP
LOAD /opt/st/stm32cubeide_1.10.1/plugins/com.st.stm32cube.ide.mcu.externaltools.gnu-tools-for-stm32.10.3-2021.10.linux64_1.0.0.202111181127/tools/bin/../lib/gcc/arm-none-eabi/10.3.1/thumb/v7e-m+fp/hard/crtend.o
LOAD /opt/st/stm32cubeide_1.10.1/plugins/com.st.stm32cube.ide.mcu.externaltools.gnu-tools-for-stm32.10.3-2021.10.linux64_1.0.0.202111181127/tools/bin/../lib/gcc/arm-none-eabi/10.3.1/thumb/v7e-m+fp/hard/crtn.o
                0x0000000020020000                _estack = (ORIGIN (RAM) + LENGTH (RAM))
                0x0000000000000200                _Min_Heap_Size = 0x200
                0x0000000000000400                _Min_Stack_Size = 0x400

.isr_vector     0x0000000008000000      0x188
                0x0000000008000000                . = ALIGN (0x4)
 *(.isr_vector)
 .isr_vector    0x0000000008000000      0x188 ./Core/Startup/startup_stm32f407vgtx.o
                0x0000000008000000                g_pfnVectors
                0x0000000008000188                . = ALIGN (0x4)

.text           0x0000000008000188    0x10b54
                0x0000000008000188                . = ALIGN (0x4)
 *(.text)
 .text          0x0000000008000188       0x40 /opt/st/stm32cubeide_1.10.1/plugins/com.st.stm32cube.ide.mcu.externaltools.gnu-tools-for-stm32.10.3-2021.10.linux64_1.0.0.202111181127/tools/bin/../lib/gcc/arm-none-eabi/10.3.1/thumb/v7e-m+fp/hard/crtbegin.o
 .text          0x00000000080001c8      0x378 /opt/st/stm32cubeide_1.10.1/plugins/com.st.stm32cube.ide.mcu.externaltools.gnu-tools-for-stm32.10.3-2021.10.linux64_1.0.0.202111181127/tools/bin/../lib/gcc/arm-none-eabi/10.3.1/thumb/v7e-m+fp/hard/libgcc.a(_arm_addsubdf3.o)
                0x00000000080001c8                __aeabi_drsub
                0x00000000080001d0                __aeabi_dsub
                0x00000000080001d0                __subdf3
                0x00000000080001d4                __adddf3
                0x00000000080001d4                __aeabi_dadd
                0x000000000800044c                __aeabi_ui2d
                0x000000000800044c                __floatunsidf
                0x000000000800046c                __floatsidf
                0x000000000800046c                __aeabi_i2d
                0x0000000008000490                __extendsfdf2
                0x0000000008000490                __aeabi_f2d
                0x00000000080004d4                __aeabi_ul2d
                0x00000000080004d4                __floatundidf
                0x00000000080004e4                __floatdidf
                0x00000000080004e4                __aeabi_l2d
 .text          0x0000000008000540      0x424 /opt/st/stm32cubeide_1.10.1/plugins/com.st.stm32cube.ide.mcu.externaltools.gnu-tools-for-stm32.10.3-2021.10.linux64_1.0.0.202111181127/tools/bin/../lib/gcc/arm-none-eabi/10.3.1/thumb/v7e-m+fp/hard/libgcc.a(_arm_muldivdf3.o)
                0x0000000008000540                __aeabi_dmul
                0x0000000008000540                __muldf3
                0x0000000008000794                __aeabi_ddiv
                0x0000000008000794                __divdf3
 .text          0x0000000008000964      0x110 /opt/st/stm32cubeide_1.10.1/plugins/com.st.stm32cube.ide.mcu.externaltools.gnu-tools-for-stm32.10.3-2021.10.linux64_1.0.0.202111181127/tools/bin/../lib/gcc/arm-none-eabi/10.3.1/thumb/v7e-m+fp/hard/libgcc.a(_arm_cmpdf2.o)
                0x0000000008000964                __gtdf2
                0x0000000008000964                __gedf2
                0x000000000800096c                __ltdf2
                0x000000000800096c                __ledf2
                0x0000000008000974                __cmpdf2
                0x0000000008000974                __eqdf2
                0x0000000008000974                __nedf2
                0x00000000080009f0                __aeabi_cdrcmple
                0x0000000008000a00                __aeabi_cdcmple
                0x0000000008000a00                __aeabi_cdcmpeq
                0x0000000008000a10                __aeabi_dcmpeq
                0x0000000008000a24                __aeabi_dcmplt
                0x0000000008000a38                __aeabi_dcmple
                0x0000000008000a4c                __aeabi_dcmpge
                0x0000000008000a60                __aeabi_dcmpgt
 .text          0x0000000008000a74       0x2c /opt/st/stm32cubeide_1.10.1/plugins/com.st.stm32cube.ide.mcu.externaltools.gnu-tools-for-stm32.10.3-2021.10.linux64_1.0.0.202111181127/tools/bin/../lib/gcc/arm-none-eabi/10.3.1/thumb/v7e-m+fp/hard/libgcc.a(_arm_unorddf2.o)
                0x0000000008000a74                __aeabi_dcmpun
                0x0000000008000a74                __unorddf2
 .text          0x0000000008000aa0       0x50 /opt/st/stm32cubeide_1.10.1/plugins/com.st.stm32cube.ide.mcu.externaltools.gnu-tools-for-stm32.10.3-2021.10.linux64_1.0.0.202111181127/tools/bin/../lib/gcc/arm-none-eabi/10.3.1/thumb/v7e-m+fp/hard/libgcc.a(_arm_fixdfsi.o)
                0x0000000008000aa0                __fixdfsi
                0x0000000008000aa0                __aeabi_d2iz
 .text          0x0000000008000af0       0xa0 /opt/st/stm32cubeide_1.10.1/plugins/com.st.stm32cube.ide.mcu.externaltools.gnu-tools-for-stm32.10.3-2021.10.linux64_1.0.0.202111181127/tools/bin/../lib/gcc/arm-none-eabi/10.3.1/thumb/v7e-m+fp/hard/libgcc.a(_arm_truncdfsf2.o)
                0x0000000008000af0                __aeabi_d2f
                0x0000000008000af0                __truncdfsf2
 .text          0x0000000008000b90       0x30 /opt/st/stm32cubeide_1.10.1/plugins/com.st.stm32cube.ide.mcu.externaltools.gnu-tools-for-stm32.10.3-2021.10.linux64_1.0.0.202111181127/tools/bin/../lib/gcc/arm-none-eabi/10.3.1/thumb/v7e-m+fp/hard/libgcc.a(_aeabi_uldivmod.o)
                0x0000000008000b90                __aeabi_uldivmod
 .text          0x0000000008000bc0      0x2d0 /opt/st/stm32cubeide_1.10.1/plugins/com.st.stm32cube.ide.mcu.externaltools.gnu-tools-for-stm32.10.3-2021.10.linux64_1.0.0.202111181127/tools/bin/../lib/gcc/arm-none-eabi/10.3.1/thumb/v7e-m+fp/hard/libgcc.a(_udivmoddi4.o)
                0x0000000008000bc0                __udivmoddi4
 .text          0x0000000008000e90        0x4 /opt/st/stm32cubeide_1.10.1/plugins/com.st.stm32cube.ide.mcu.externaltools.gnu-tools-for-stm32.10.3-2021.10.linux64_1.0.0.202111181127/tools/bin/../lib/gcc/arm-none-eabi/10.3.1/thumb/v7e-m+fp/hard/libgcc.a(_dvmd_tls.o)
                0x0000000008000e90                __aeabi_ldiv0
                0x0000000008000e90                __aeabi_idiv0
 *(.text*)
 .text.MIDI_Application
                0x0000000008000e94       0x40 ./Core/Src/MIDI_application.o
                0x0000000008000e94                MIDI_Application
 .text.USBH_MIDI_ReceiveCallback
                0x0000000008000ed4       0x50 ./Core/Src/MIDI_application.o
                0x0000000008000ed4                USBH_MIDI_ReceiveCallback
 *fill*         0x0000000008000f24        0x4 
 .text.MIDI_update_input
                0x0000000008000f28       0xd0 ./Core/Src/MIDI_application.o
                0x0000000008000f28                MIDI_update_input
 .text.MIDI_key2f
                0x0000000008000ff8       0x5c ./Core/Src/MIDI_application.o
                0x0000000008000ff8                MIDI_key2f
 .text.MIDI_get_n_voices
                0x0000000008001054       0x10 ./Core/Src/MIDI_application.o
                0x0000000008001054                MIDI_get_n_voices
 .text.MIDI_note_disable
                0x0000000008001064       0x28 ./Core/Src/MIDI_application.o
                0x0000000008001064                MIDI_note_disable
 .text.ProcessReceivedMidiData
                0x000000000800108c       0xec ./Core/Src/MIDI_application.o
                0x000000000800108c                ProcessReceivedMidiData
 .text.write_register
                0x0000000008001178       0x3c ./Core/Src/MY_CS43L22.o
 .text.read_register
                0x00000000080011b4       0x44 ./Core/Src/MY_CS43L22.o
 .text.CS43_Init
                0x00000000080011f8      0x228 ./Core/Src/MY_CS43L22.o
                0x00000000080011f8                CS43_Init
 .text.CS43_Enable_RightLeft
                0x0000000008001420       0xb8 ./Core/Src/MY_CS43L22.o
                0x0000000008001420                CS43_Enable_RightLeft
 .text.CS43_SetVolume
                0x00000000080014d8       0x84 ./Core/Src/MY_CS43L22.o
                0x00000000080014d8                CS43_SetVolume
 .text.CS43_Start
                0x000000000800155c       0x84 ./Core/Src/MY_CS43L22.o
                0x000000000800155c                CS43_Start
 .text.OSC_res_update
                0x00000000080015e0      0x178 ./Core/Src/OSC.o
                0x00000000080015e0                OSC_res_update
 .text.env_update_ADSR
                0x0000000008001758       0x34 ./Core/Src/envelope.o
                0x0000000008001758                env_update_ADSR
 .text.atc_update
                0x000000000800178c       0x38 ./Core/Src/envelope.o
                0x000000000800178c                atc_update
 .text.dec_update
                0x00000000080017c4       0x38 ./Core/Src/envelope.o
                0x00000000080017c4                dec_update
 .text.sus_update
                0x00000000080017fc       0x2c ./Core/Src/envelope.o
                0x00000000080017fc                sus_update
 .text.rel_update
                0x0000000008001828       0x38 ./Core/Src/envelope.o
                0x0000000008001828                rel_update
 .text.env_create
                0x0000000008001860       0x90 ./Core/Src/envelope.o
                0x0000000008001860                env_create
 .text.env_map_get
                0x00000000080018f0       0x34 ./Core/Src/envelope.o
                0x00000000080018f0                env_map_get
 .text.env_release
                0x0000000008001924       0x3c ./Core/Src/envelope.o
                0x0000000008001924                env_release
 .text.env_process
                0x0000000008001960      0x17c ./Core/Src/envelope.o
                0x0000000008001960                env_process
 .text.filter_update
                0x0000000008001adc       0x1a ./Core/Src/filter.o
                0x0000000008001adc                filter_update
 *fill*         0x0000000008001af6        0x2 
 .text.main     0x0000000008001af8      0x254 ./Core/Src/main.o
                0x0000000008001af8                main
 .text.SystemClock_Config
                0x0000000008001d4c       0xd4 ./Core/Src/main.o
                0x0000000008001d4c                SystemClock_Config
 .text.MX_ADC1_Init
                0x0000000008001e20      0x210 ./Core/Src/main.o
                0x0000000008001e20                MX_ADC1_Init
 .text.MX_I2C1_Init
                0x0000000008002030       0x5c ./Core/Src/main.o
                0x0000000008002030                MX_I2C1_Init
 .text.MX_I2S3_Init
                0x000000000800208c       0x5c ./Core/Src/main.o
                0x000000000800208c                MX_I2S3_Init
 .text.MX_TIM3_Init
                0x00000000080020e8       0xac ./Core/Src/main.o
 .text.MX_TIM7_Init
                0x0000000008002194       0x68 ./Core/Src/main.o
 .text.MX_DMA_Init
                0x00000000080021fc       0x6c ./Core/Src/main.o
 .text.MX_GPIO_Init
                0x0000000008002268      0x204 ./Core/Src/main.o
 .text.HAL_I2S_TxHalfCpltCallback
                0x000000000800246c       0x2c ./Core/Src/main.o
                0x000000000800246c                HAL_I2S_TxHalfCpltCallback
 .text.HAL_I2S_TxCpltCallback
                0x0000000008002498       0x2c ./Core/Src/main.o
                0x0000000008002498                HAL_I2S_TxCpltCallback
 .text.Error_Handler
                0x00000000080024c4        0xa ./Core/Src/main.o
                0x00000000080024c4                Error_Handler
 *fill*         0x00000000080024ce        0x2 
 .text.mixer_init
                0x00000000080024d0       0x6c ./Core/Src/mixer.o
                0x00000000080024d0                mixer_init
 .text.adc_hysteresis
                0x000000000800253c       0x3a ./Core/Src/mixer.o
                0x000000000800253c                adc_hysteresis
 *fill*         0x0000000008002576        0x2 
 .text.mixer_update
                0x0000000008002578       0xf8 ./Core/Src/mixer.o
                0x0000000008002578                mixer_update
 .text.mixer_get_updated
                0x0000000008002670       0x18 ./Core/Src/mixer.o
                0x0000000008002670                mixer_get_updated
 .text.mixer_get_filter_fc_low
                0x0000000008002688       0x2c ./Core/Src/mixer.o
                0x0000000008002688                mixer_get_filter_fc_low
 .text.mixer_get_filter_fc_high
                0x00000000080026b4       0x28 ./Core/Src/mixer.o
                0x00000000080026b4                mixer_get_filter_fc_high
 .text.mixer_get_volume
                0x00000000080026dc       0x18 ./Core/Src/mixer.o
                0x00000000080026dc                mixer_get_volume
 .text.mixer_get_attack
                0x00000000080026f4       0x18 ./Core/Src/mixer.o
                0x00000000080026f4                mixer_get_attack
 .text.mixer_get_decay
                0x000000000800270c       0x18 ./Core/Src/mixer.o
                0x000000000800270c                mixer_get_decay
 .text.mixer_get_sustain
                0x0000000008002724       0x18 ./Core/Src/mixer.o
                0x0000000008002724                mixer_get_sustain
 .text.mixer_get_release
                0x000000000800273c       0x18 ./Core/Src/mixer.o
                0x000000000800273c                mixer_get_release
 .text.mixer_get_PWM
                0x0000000008002754       0x28 ./Core/Src/mixer.o
                0x0000000008002754                mixer_get_PWM
 .text.mixer_get_df
                0x000000000800277c       0x28 ./Core/Src/mixer.o
                0x000000000800277c                mixer_get_df
 .text.mixer_get_OSC1_FM
                0x00000000080027a4       0x28 ./Core/Src/mixer.o
                0x00000000080027a4                mixer_get_OSC1_FM
 .text.mixer_get_OSC2_FM
                0x00000000080027cc       0x28 ./Core/Src/mixer.o
                0x00000000080027cc                mixer_get_OSC2_FM
 .text.mixer_get_pm_beta
                0x00000000080027f4       0x28 ./Core/Src/mixer.o
                0x00000000080027f4                mixer_get_pm_beta
 .text.mixer_get_pm_beta2
                0x000000000800281c       0x28 ./Core/Src/mixer.o
                0x000000000800281c                mixer_get_pm_beta2
 .text.mixer_get_pmf
                0x0000000008002844       0x28 ./Core/Src/mixer.o
                0x0000000008002844                mixer_get_pmf
 .text.mixer_get_OSC_ws
                0x000000000800286c       0x48 ./Core/Src/mixer.o
                0x000000000800286c                mixer_get_OSC_ws
 .text.mixer_get_waveshape_out
                0x00000000080028b4       0x18 ./Core/Src/mixer.o
                0x00000000080028b4                mixer_get_waveshape_out
 .text.mixer_cycle_wave
                0x00000000080028cc       0x5c ./Core/Src/mixer.o
                0x00000000080028cc                mixer_cycle_wave
 .text.mixer_get_sync
                0x0000000008002928       0x18 ./Core/Src/mixer.o
                0x0000000008002928                mixer_get_sync
 .text.HAL_ADC_ConvHalfCpltCallback
                0x0000000008002940       0x14 ./Core/Src/mixer.o
                0x0000000008002940                HAL_ADC_ConvHalfCpltCallback
 .text.HAL_ADC_ConvCpltCallback
                0x0000000008002954       0x2c ./Core/Src/mixer.o
                0x0000000008002954                HAL_ADC_ConvCpltCallback
 .text.HAL_GPIO_EXTI_Callback
                0x0000000008002980       0xb0 ./Core/Src/mixer.o
                0x0000000008002980                HAL_GPIO_EXTI_Callback
 .text.nf_map_init_440
                0x0000000008002a30       0xcc ./Core/Src/note_frequency.o
                0x0000000008002a30                nf_map_init_440
 .text.output_handler_init
                0x0000000008002afc       0x68 ./Core/Src/output_handler.o
                0x0000000008002afc                output_handler_init
 *fill*         0x0000000008002b64        0x4 
 .text.output_handler_outwave_update
                0x0000000008002b68      0x8f4 ./Core/Src/output_handler.o
                0x0000000008002b68                output_handler_outwave_update
 .text.apply_filters
                0x000000000800345c       0x16 ./Core/Src/output_handler.o
                0x000000000800345c                apply_filters
 *fill*         0x0000000008003472        0x2 
 .text.output_handler_get_steps
                0x0000000008003474       0x14 ./Core/Src/output_handler.o
                0x0000000008003474                output_handler_get_steps
 .text.HAL_MspInit
                0x0000000008003488       0x50 ./Core/Src/stm32f4xx_hal_msp.o
                0x0000000008003488                HAL_MspInit
 .text.HAL_ADC_MspInit
                0x00000000080034d8      0x170 ./Core/Src/stm32f4xx_hal_msp.o
                0x00000000080034d8                HAL_ADC_MspInit
 .text.HAL_I2C_MspInit
                0x0000000008003648       0x90 ./Core/Src/stm32f4xx_hal_msp.o
                0x0000000008003648                HAL_I2C_MspInit
 .text.HAL_I2S_MspInit
                0x00000000080036d8      0x178 ./Core/Src/stm32f4xx_hal_msp.o
                0x00000000080036d8                HAL_I2S_MspInit
 .text.HAL_TIM_OC_MspInit
                0x0000000008003850       0x50 ./Core/Src/stm32f4xx_hal_msp.o
                0x0000000008003850                HAL_TIM_OC_MspInit
 .text.HAL_TIM_Base_MspInit
                0x00000000080038a0       0x50 ./Core/Src/stm32f4xx_hal_msp.o
                0x00000000080038a0                HAL_TIM_Base_MspInit
 .text.NMI_Handler
                0x00000000080038f0        0x6 ./Core/Src/stm32f4xx_it.o
                0x00000000080038f0                NMI_Handler
 .text.HardFault_Handler
                0x00000000080038f6        0x6 ./Core/Src/stm32f4xx_it.o
                0x00000000080038f6                HardFault_Handler
 .text.MemManage_Handler
                0x00000000080038fc        0x6 ./Core/Src/stm32f4xx_it.o
                0x00000000080038fc                MemManage_Handler
 .text.BusFault_Handler
                0x0000000008003902        0x6 ./Core/Src/stm32f4xx_it.o
                0x0000000008003902                BusFault_Handler
 .text.UsageFault_Handler
                0x0000000008003908        0x6 ./Core/Src/stm32f4xx_it.o
                0x0000000008003908                UsageFault_Handler
 .text.SVC_Handler
                0x000000000800390e        0xe ./Core/Src/stm32f4xx_it.o
                0x000000000800390e                SVC_Handler
 .text.DebugMon_Handler
                0x000000000800391c        0xe ./Core/Src/stm32f4xx_it.o
                0x000000000800391c                DebugMon_Handler
 .text.PendSV_Handler
                0x000000000800392a        0xe ./Core/Src/stm32f4xx_it.o
                0x000000000800392a                PendSV_Handler
 .text.SysTick_Handler
                0x0000000008003938        0xc ./Core/Src/stm32f4xx_it.o
                0x0000000008003938                SysTick_Handler
 .text.DMA1_Stream5_IRQHandler
                0x0000000008003944       0x14 ./Core/Src/stm32f4xx_it.o
                0x0000000008003944                DMA1_Stream5_IRQHandler
 .text.ADC_IRQHandler
                0x0000000008003958       0x14 ./Core/Src/stm32f4xx_it.o
                0x0000000008003958                ADC_IRQHandler
 .text.TIM3_IRQHandler
                0x000000000800396c       0x14 ./Core/Src/stm32f4xx_it.o
                0x000000000800396c                TIM3_IRQHandler
 .text.EXTI15_10_IRQHandler
                0x0000000008003980       0x30 ./Core/Src/stm32f4xx_it.o
                0x0000000008003980                EXTI15_10_IRQHandler
 .text.SPI3_IRQHandler
                0x00000000080039b0       0x14 ./Core/Src/stm32f4xx_it.o
                0x00000000080039b0                SPI3_IRQHandler
 .text.TIM7_IRQHandler
                0x00000000080039c4       0x14 ./Core/Src/stm32f4xx_it.o
                0x00000000080039c4                TIM7_IRQHandler
 .text.DMA2_Stream0_IRQHandler
                0x00000000080039d8       0x14 ./Core/Src/stm32f4xx_it.o
                0x00000000080039d8                DMA2_Stream0_IRQHandler
 .text.OTG_FS_IRQHandler
                0x00000000080039ec       0x14 ./Core/Src/stm32f4xx_it.o
                0x00000000080039ec                OTG_FS_IRQHandler
 .text._sbrk    0x0000000008003a00       0x6c ./Core/Src/sysmem.o
                0x0000000008003a00                _sbrk
 .text.SystemInit
                0x0000000008003a6c       0x24 ./Core/Src/system_stm32f4xx.o
                0x0000000008003a6c                SystemInit
 .text.USBH_MIDI_InterfaceInit
                0x0000000008003a90      0x230 ./Core/Src/usbh_MIDI.o
 .text.USBH_MIDI_InterfaceDeInit
                0x0000000008003cc0       0x8c ./Core/Src/usbh_MIDI.o
 .text.USBH_MIDI_ClassRequest
                0x0000000008003d4c       0x1e ./Core/Src/usbh_MIDI.o
 .text.USBH_MIDI_Stop
                0x0000000008003d6a       0x44 ./Core/Src/usbh_MIDI.o
                0x0000000008003d6a                USBH_MIDI_Stop
 .text.USBH_MIDI_Process
                0x0000000008003dae       0x68 ./Core/Src/usbh_MIDI.o
 .text.USBH_MIDI_SOFProcess
                0x0000000008003e16       0x16 ./Core/Src/usbh_MIDI.o
 .text.USBH_MIDI_Receive
                0x0000000008003e2c       0x56 ./Core/Src/usbh_MIDI.o
                0x0000000008003e2c                USBH_MIDI_Receive
 .text.MIDI_ProcessReception
                0x0000000008003e82       0xb4 ./Core/Src/usbh_MIDI.o
 *fill*         0x0000000008003f36        0x2 
 .text.wavetable_init_all
                0x0000000008003f38       0x7c ./Core/Src/wavetable.o
                0x0000000008003f38                wavetable_init_all
 .text.wavetable_get_ptr
                0x0000000008003fb4       0x64 ./Core/Src/wavetable.o
                0x0000000008003fb4                wavetable_get_ptr
 .text.wavetable_create_sine
                0x0000000008004018       0xf0 ./Core/Src/wavetable.o
                0x0000000008004018                wavetable_create_sine
 .text.wavetable_create_square
                0x0000000008004108       0x88 ./Core/Src/wavetable.o
                0x0000000008004108                wavetable_create_square
 .text.wavetable_create_triangle
                0x0000000008004190      0x118 ./Core/Src/wavetable.o
                0x0000000008004190                wavetable_create_triangle
 .text.wavetable_create_sawtooth
                0x00000000080042a8      0x12c ./Core/Src/wavetable.o
                0x00000000080042a8                wavetable_create_sawtooth
 .text.wavetable_create_bowsaw
                0x00000000080043d4      0x2f0 ./Core/Src/wavetable.o
                0x00000000080043d4                wavetable_create_bowsaw
 .text.filter_hp_RC_init
                0x00000000080046c4       0x68 ./Core/Src/filters/filter_highpass.o
                0x00000000080046c4                filter_hp_RC_init
 .text.filter_lp_RC_init
                0x000000000800472c       0x68 ./Core/Src/filters/filter_lowpass.o
                0x000000000800472c                filter_lp_RC_init
 .text.filter_lp_update
                0x0000000008004794       0x54 ./Core/Src/filters/filter_lowpass.o
                0x0000000008004794                filter_lp_update
 .text.filter_lp_set_alpha
                0x00000000080047e8       0xc0 ./Core/Src/filters/filter_lowpass.o
                0x00000000080047e8                filter_lp_set_alpha
 .text.filter_res_init
                0x00000000080048a8       0x48 ./Core/Src/filters/filter_resonance.o
                0x00000000080048a8                filter_res_init
 .text.filter_res_coeff_update
                0x00000000080048f0      0x1a8 ./Core/Src/filters/filter_resonance.o
                0x00000000080048f0                filter_res_coeff_update
 .text.Reset_Handler
                0x0000000008004a98       0x50 ./Core/Startup/startup_stm32f407vgtx.o
                0x0000000008004a98                Reset_Handler
 .text.Default_Handler
                0x0000000008004ae8        0x2 ./Core/Startup/startup_stm32f407vgtx.o
                0x0000000008004ae8                RTC_Alarm_IRQHandler
                0x0000000008004ae8                HASH_RNG_IRQHandler
                0x0000000008004ae8                EXTI2_IRQHandler
                0x0000000008004ae8                TIM8_CC_IRQHandler
                0x0000000008004ae8                TIM1_CC_IRQHandler
                0x0000000008004ae8                DMA2_Stream5_IRQHandler
                0x0000000008004ae8                PVD_IRQHandler
                0x0000000008004ae8                SDIO_IRQHandler
                0x0000000008004ae8                TAMP_STAMP_IRQHandler
                0x0000000008004ae8                CAN2_RX1_IRQHandler
                0x0000000008004ae8                EXTI3_IRQHandler
                0x0000000008004ae8                TIM8_TRG_COM_TIM14_IRQHandler
                0x0000000008004ae8                TIM1_UP_TIM10_IRQHandler
                0x0000000008004ae8                TIM8_UP_TIM13_IRQHandler
                0x0000000008004ae8                I2C3_ER_IRQHandler
                0x0000000008004ae8                EXTI0_IRQHandler
                0x0000000008004ae8                I2C2_EV_IRQHandler
                0x0000000008004ae8                DMA1_Stream2_IRQHandler
                0x0000000008004ae8                CAN1_RX0_IRQHandler
                0x0000000008004ae8                FPU_IRQHandler
                0x0000000008004ae8                OTG_HS_WKUP_IRQHandler
                0x0000000008004ae8                CAN2_SCE_IRQHandler
                0x0000000008004ae8                DMA2_Stream2_IRQHandler
                0x0000000008004ae8                SPI1_IRQHandler
                0x0000000008004ae8                TIM6_DAC_IRQHandler
                0x0000000008004ae8                TIM1_BRK_TIM9_IRQHandler
                0x0000000008004ae8                DCMI_IRQHandler
                0x0000000008004ae8                CAN2_RX0_IRQHandler
                0x0000000008004ae8                DMA2_Stream3_IRQHandler
                0x0000000008004ae8                USART6_IRQHandler
                0x0000000008004ae8                USART3_IRQHandler
                0x0000000008004ae8                CAN1_RX1_IRQHandler
                0x0000000008004ae8                UART5_IRQHandler
                0x0000000008004ae8                TIM4_IRQHandler
                0x0000000008004ae8                I2C1_EV_IRQHandler
                0x0000000008004ae8                DMA1_Stream6_IRQHandler
                0x0000000008004ae8                DMA1_Stream1_IRQHandler
                0x0000000008004ae8                UART4_IRQHandler
                0x0000000008004ae8                RCC_IRQHandler
                0x0000000008004ae8                TIM8_BRK_TIM12_IRQHandler
                0x0000000008004ae8                Default_Handler
                0x0000000008004ae8                DMA1_Stream7_IRQHandler
                0x0000000008004ae8                CAN2_TX_IRQHandler
                0x0000000008004ae8                TIM5_IRQHandler
                0x0000000008004ae8                DMA2_Stream7_IRQHandler
                0x0000000008004ae8                I2C3_EV_IRQHandler
                0x0000000008004ae8                EXTI9_5_IRQHandler
                0x0000000008004ae8                RTC_WKUP_IRQHandler
                0x0000000008004ae8                ETH_WKUP_IRQHandler
                0x0000000008004ae8                SPI2_IRQHandler
                0x0000000008004ae8                OTG_HS_EP1_IN_IRQHandler
                0x0000000008004ae8                DMA1_Stream0_IRQHandler
                0x0000000008004ae8                CAN1_TX_IRQHandler
                0x0000000008004ae8                EXTI4_IRQHandler
                0x0000000008004ae8                FSMC_IRQHandler
                0x0000000008004ae8                ETH_IRQHandler
                0x0000000008004ae8                OTG_HS_EP1_OUT_IRQHandler
                0x0000000008004ae8                WWDG_IRQHandler
                0x0000000008004ae8                TIM2_IRQHandler
                0x0000000008004ae8                OTG_FS_WKUP_IRQHandler
                0x0000000008004ae8                TIM1_TRG_COM_TIM11_IRQHandler
                0x0000000008004ae8                OTG_HS_IRQHandler
                0x0000000008004ae8                EXTI1_IRQHandler
                0x0000000008004ae8                USART2_IRQHandler
                0x0000000008004ae8                I2C2_ER_IRQHandler
                0x0000000008004ae8                DMA2_Stream1_IRQHandler
                0x0000000008004ae8                CAN1_SCE_IRQHandler
                0x0000000008004ae8                FLASH_IRQHandler
                0x0000000008004ae8                DMA2_Stream4_IRQHandler
                0x0000000008004ae8                USART1_IRQHandler
                0x0000000008004ae8                DMA1_Stream4_IRQHandler
                0x0000000008004ae8                I2C1_ER_IRQHandler
                0x0000000008004ae8                DMA2_Stream6_IRQHandler
                0x0000000008004ae8                DMA1_Stream3_IRQHandler
 *fill*         0x0000000008004aea        0x2 
 .text.HAL_Init
                0x0000000008004aec       0x44 ./Drivers/STM32F4xx_HAL_Driver/Src/stm32f4xx_hal.o
                0x0000000008004aec                HAL_Init
 .text.HAL_InitTick
                0x0000000008004b30       0x60 ./Drivers/STM32F4xx_HAL_Driver/Src/stm32f4xx_hal.o
                0x0000000008004b30                HAL_InitTick
 .text.HAL_IncTick
                0x0000000008004b90       0x28 ./Drivers/STM32F4xx_HAL_Driver/Src/stm32f4xx_hal.o
                0x0000000008004b90                HAL_IncTick
 .text.HAL_GetTick
                0x0000000008004bb8       0x18 ./Drivers/STM32F4xx_HAL_Driver/Src/stm32f4xx_hal.o
                0x0000000008004bb8                HAL_GetTick
 .text.HAL_Delay
                0x0000000008004bd0       0x48 ./Drivers/STM32F4xx_HAL_Driver/Src/stm32f4xx_hal.o
                0x0000000008004bd0                HAL_Delay
 .text.HAL_ADC_Init
                0x0000000008004c18       0x86 ./Drivers/STM32F4xx_HAL_Driver/Src/stm32f4xx_hal_adc.o
                0x0000000008004c18                HAL_ADC_Init
 .text.HAL_ADC_IRQHandler
                0x0000000008004c9e      0x220 ./Drivers/STM32F4xx_HAL_Driver/Src/stm32f4xx_hal_adc.o
                0x0000000008004c9e                HAL_ADC_IRQHandler
 *fill*         0x0000000008004ebe        0x2 
 .text.HAL_ADC_Start_DMA
                0x0000000008004ec0      0x220 ./Drivers/STM32F4xx_HAL_Driver/Src/stm32f4xx_hal_adc.o
                0x0000000008004ec0                HAL_ADC_Start_DMA
 .text.HAL_ADC_LevelOutOfWindowCallback
                0x00000000080050e0       0x14 ./Drivers/STM32F4xx_HAL_Driver/Src/stm32f4xx_hal_adc.o
                0x00000000080050e0                HAL_ADC_LevelOutOfWindowCallback
 .text.HAL_ADC_ErrorCallback
                0x00000000080050f4       0x14 ./Drivers/STM32F4xx_HAL_Driver/Src/stm32f4xx_hal_adc.o
                0x00000000080050f4                HAL_ADC_ErrorCallback
 .text.HAL_ADC_ConfigChannel
                0x0000000008005108      0x244 ./Drivers/STM32F4xx_HAL_Driver/Src/stm32f4xx_hal_adc.o
                0x0000000008005108                HAL_ADC_ConfigChannel
 .text.ADC_Init
                0x000000000800534c      0x1f8 ./Drivers/STM32F4xx_HAL_Driver/Src/stm32f4xx_hal_adc.o
 .text.ADC_DMAConvCplt
                0x0000000008005544       0xba ./Drivers/STM32F4xx_HAL_Driver/Src/stm32f4xx_hal_adc.o
 .text.ADC_DMAHalfConvCplt
                0x00000000080055fe       0x1c ./Drivers/STM32F4xx_HAL_Driver/Src/stm32f4xx_hal_adc.o
 .text.ADC_DMAError
                0x000000000800561a       0x2e ./Drivers/STM32F4xx_HAL_Driver/Src/stm32f4xx_hal_adc.o
 .text.HAL_ADCEx_InjectedConvCpltCallback
                0x0000000008005648       0x14 ./Drivers/STM32F4xx_HAL_Driver/Src/stm32f4xx_hal_adc_ex.o
                0x0000000008005648                HAL_ADCEx_InjectedConvCpltCallback
 .text.__NVIC_SetPriorityGrouping
                0x000000000800565c       0x48 ./Drivers/STM32F4xx_HAL_Driver/Src/stm32f4xx_hal_cortex.o
 .text.__NVIC_GetPriorityGrouping
                0x00000000080056a4       0x1c ./Drivers/STM32F4xx_HAL_Driver/Src/stm32f4xx_hal_cortex.o
 .text.__NVIC_EnableIRQ
                0x00000000080056c0       0x3c ./Drivers/STM32F4xx_HAL_Driver/Src/stm32f4xx_hal_cortex.o
 .text.__NVIC_SetPriority
                0x00000000080056fc       0x54 ./Drivers/STM32F4xx_HAL_Driver/Src/stm32f4xx_hal_cortex.o
 .text.NVIC_EncodePriority
                0x0000000008005750       0x66 ./Drivers/STM32F4xx_HAL_Driver/Src/stm32f4xx_hal_cortex.o
 *fill*         0x00000000080057b6        0x2 
 .text.SysTick_Config
                0x00000000080057b8       0x44 ./Drivers/STM32F4xx_HAL_Driver/Src/stm32f4xx_hal_cortex.o
 .text.HAL_NVIC_SetPriorityGrouping
                0x00000000080057fc       0x16 ./Drivers/STM32F4xx_HAL_Driver/Src/stm32f4xx_hal_cortex.o
                0x00000000080057fc                HAL_NVIC_SetPriorityGrouping
 .text.HAL_NVIC_SetPriority
                0x0000000008005812       0x38 ./Drivers/STM32F4xx_HAL_Driver/Src/stm32f4xx_hal_cortex.o
                0x0000000008005812                HAL_NVIC_SetPriority
 .text.HAL_NVIC_EnableIRQ
                0x000000000800584a       0x1c ./Drivers/STM32F4xx_HAL_Driver/Src/stm32f4xx_hal_cortex.o
                0x000000000800584a                HAL_NVIC_EnableIRQ
 .text.HAL_SYSTICK_Config
                0x0000000008005866       0x18 ./Drivers/STM32F4xx_HAL_Driver/Src/stm32f4xx_hal_cortex.o
                0x0000000008005866                HAL_SYSTICK_Config
 *fill*         0x000000000800587e        0x2 
 .text.HAL_DMA_Init
                0x0000000008005880      0x15c ./Drivers/STM32F4xx_HAL_Driver/Src/stm32f4xx_hal_dma.o
                0x0000000008005880                HAL_DMA_Init
 .text.HAL_DMA_Start_IT
                0x00000000080059dc       0xb0 ./Drivers/STM32F4xx_HAL_Driver/Src/stm32f4xx_hal_dma.o
                0x00000000080059dc                HAL_DMA_Start_IT
 .text.HAL_DMA_IRQHandler
                0x0000000008005a8c      0x314 ./Drivers/STM32F4xx_HAL_Driver/Src/stm32f4xx_hal_dma.o
                0x0000000008005a8c                HAL_DMA_IRQHandler
 .text.DMA_SetConfig
                0x0000000008005da0       0x5c ./Drivers/STM32F4xx_HAL_Driver/Src/stm32f4xx_hal_dma.o
 .text.DMA_CalcBaseAndBitshift
                0x0000000008005dfc       0x6c ./Drivers/STM32F4xx_HAL_Driver/Src/stm32f4xx_hal_dma.o
 .text.DMA_CheckFifoParam
                0x0000000008005e68       0xf8 ./Drivers/STM32F4xx_HAL_Driver/Src/stm32f4xx_hal_dma.o
 .text.HAL_GPIO_Init
                0x0000000008005f60      0x338 ./Drivers/STM32F4xx_HAL_Driver/Src/stm32f4xx_hal_gpio.o
                0x0000000008005f60                HAL_GPIO_Init
 .text.HAL_GPIO_WritePin
                0x0000000008006298       0x32 ./Drivers/STM32F4xx_HAL_Driver/Src/stm32f4xx_hal_gpio.o
                0x0000000008006298                HAL_GPIO_WritePin
 .text.HAL_GPIO_TogglePin
                0x00000000080062ca       0x34 ./Drivers/STM32F4xx_HAL_Driver/Src/stm32f4xx_hal_gpio.o
                0x00000000080062ca                HAL_GPIO_TogglePin
 *fill*         0x00000000080062fe        0x2 
 .text.HAL_GPIO_EXTI_IRQHandler
                0x0000000008006300       0x30 ./Drivers/STM32F4xx_HAL_Driver/Src/stm32f4xx_hal_gpio.o
                0x0000000008006300                HAL_GPIO_EXTI_IRQHandler
 .text.HAL_HCD_Init
                0x0000000008006330       0xc4 ./Drivers/STM32F4xx_HAL_Driver/Src/stm32f4xx_hal_hcd.o
                0x0000000008006330                HAL_HCD_Init
 .text.HAL_HCD_HC_Init
                0x00000000080063f4      0x11e ./Drivers/STM32F4xx_HAL_Driver/Src/stm32f4xx_hal_hcd.o
                0x00000000080063f4                HAL_HCD_HC_Init
 .text.HAL_HCD_HC_Halt
                0x0000000008006512       0x46 ./Drivers/STM32F4xx_HAL_Driver/Src/stm32f4xx_hal_hcd.o
                0x0000000008006512                HAL_HCD_HC_Halt
 .text.HAL_HCD_HC_SubmitRequest
                0x0000000008006558      0x2ac ./Drivers/STM32F4xx_HAL_Driver/Src/stm32f4xx_hal_hcd.o
                0x0000000008006558                HAL_HCD_HC_SubmitRequest
 .text.HAL_HCD_IRQHandler
                0x0000000008006804      0x216 ./Drivers/STM32F4xx_HAL_Driver/Src/stm32f4xx_hal_hcd.o
                0x0000000008006804                HAL_HCD_IRQHandler
 .text.HAL_HCD_Start
                0x0000000008006a1a       0x46 ./Drivers/STM32F4xx_HAL_Driver/Src/stm32f4xx_hal_hcd.o
                0x0000000008006a1a                HAL_HCD_Start
 .text.HAL_HCD_Stop
                0x0000000008006a60       0x3a ./Drivers/STM32F4xx_HAL_Driver/Src/stm32f4xx_hal_hcd.o
                0x0000000008006a60                HAL_HCD_Stop
 .text.HAL_HCD_ResetPort
                0x0000000008006a9a       0x1c ./Drivers/STM32F4xx_HAL_Driver/Src/stm32f4xx_hal_hcd.o
                0x0000000008006a9a                HAL_HCD_ResetPort
 .text.HAL_HCD_HC_GetURBState
                0x0000000008006ab6       0x28 ./Drivers/STM32F4xx_HAL_Driver/Src/stm32f4xx_hal_hcd.o
                0x0000000008006ab6                HAL_HCD_HC_GetURBState
 .text.HAL_HCD_HC_GetXferCount
                0x0000000008006ade       0x28 ./Drivers/STM32F4xx_HAL_Driver/Src/stm32f4xx_hal_hcd.o
                0x0000000008006ade                HAL_HCD_HC_GetXferCount
 .text.HAL_HCD_GetCurrentFrame
                0x0000000008006b06       0x1c ./Drivers/STM32F4xx_HAL_Driver/Src/stm32f4xx_hal_hcd.o
                0x0000000008006b06                HAL_HCD_GetCurrentFrame
 .text.HAL_HCD_GetCurrentSpeed
                0x0000000008006b22       0x1c ./Drivers/STM32F4xx_HAL_Driver/Src/stm32f4xx_hal_hcd.o
                0x0000000008006b22                HAL_HCD_GetCurrentSpeed
 .text.HCD_HC_IN_IRQHandler
                0x0000000008006b3e      0x6aa ./Drivers/STM32F4xx_HAL_Driver/Src/stm32f4xx_hal_hcd.o
 .text.HCD_HC_OUT_IRQHandler
                0x00000000080071e8      0x6d2 ./Drivers/STM32F4xx_HAL_Driver/Src/stm32f4xx_hal_hcd.o
 .text.HCD_RXQLVL_IRQHandler
                0x00000000080078ba      0x1a4 ./Drivers/STM32F4xx_HAL_Driver/Src/stm32f4xx_hal_hcd.o
 .text.HCD_Port_IRQHandler
                0x0000000008007a5e       0xe6 ./Drivers/STM32F4xx_HAL_Driver/Src/stm32f4xx_hal_hcd.o
 .text.HAL_I2C_Init
                0x0000000008007b44      0x288 ./Drivers/STM32F4xx_HAL_Driver/Src/stm32f4xx_hal_i2c.o
                0x0000000008007b44                HAL_I2C_Init
 .text.HAL_I2C_Master_Transmit
                0x0000000008007dcc      0x1fc ./Drivers/STM32F4xx_HAL_Driver/Src/stm32f4xx_hal_i2c.o
                0x0000000008007dcc                HAL_I2C_Master_Transmit
 .text.HAL_I2C_Master_Receive
                0x0000000008007fc8      0x44c ./Drivers/STM32F4xx_HAL_Driver/Src/stm32f4xx_hal_i2c.o
                0x0000000008007fc8                HAL_I2C_Master_Receive
 .text.I2C_MasterRequestWrite
                0x0000000008008414      0x104 ./Drivers/STM32F4xx_HAL_Driver/Src/stm32f4xx_hal_i2c.o
 .text.I2C_MasterRequestRead
                0x0000000008008518      0x19c ./Drivers/STM32F4xx_HAL_Driver/Src/stm32f4xx_hal_i2c.o
 .text.I2C_WaitOnFlagUntilTimeout
                0x00000000080086b4       0xae ./Drivers/STM32F4xx_HAL_Driver/Src/stm32f4xx_hal_i2c.o
 .text.I2C_WaitOnMasterAddressFlagUntilTimeout
                0x0000000008008762       0xfe ./Drivers/STM32F4xx_HAL_Driver/Src/stm32f4xx_hal_i2c.o
 .text.I2C_WaitOnTXEFlagUntilTimeout
                0x0000000008008860       0x82 ./Drivers/STM32F4xx_HAL_Driver/Src/stm32f4xx_hal_i2c.o
 .text.I2C_WaitOnBTFFlagUntilTimeout
                0x00000000080088e2       0x82 ./Drivers/STM32F4xx_HAL_Driver/Src/stm32f4xx_hal_i2c.o
 .text.I2C_WaitOnRXNEFlagUntilTimeout
                0x0000000008008964       0xac ./Drivers/STM32F4xx_HAL_Driver/Src/stm32f4xx_hal_i2c.o
 .text.I2C_IsAcknowledgeFailed
                0x0000000008008a10       0x5e ./Drivers/STM32F4xx_HAL_Driver/Src/stm32f4xx_hal_i2c.o
 *fill*         0x0000000008008a6e        0x2 
 .text.HAL_I2S_Init
                0x0000000008008a70      0x280 ./Drivers/STM32F4xx_HAL_Driver/Src/stm32f4xx_hal_i2s.o
                0x0000000008008a70                HAL_I2S_Init
 .text.HAL_I2S_Transmit_DMA
                0x0000000008008cf0      0x150 ./Drivers/STM32F4xx_HAL_Driver/Src/stm32f4xx_hal_i2s.o
                0x0000000008008cf0                HAL_I2S_Transmit_DMA
 .text.HAL_I2S_IRQHandler
                0x0000000008008e40       0x18 ./Drivers/STM32F4xx_HAL_Driver/Src/stm32f4xx_hal_i2s.o
                0x0000000008008e40                HAL_I2S_IRQHandler
 .text.HAL_I2S_RxCpltCallback
                0x0000000008008e58       0x14 ./Drivers/STM32F4xx_HAL_Driver/Src/stm32f4xx_hal_i2s.o
                0x0000000008008e58                HAL_I2S_RxCpltCallback
 .text.HAL_I2S_ErrorCallback
                0x0000000008008e6c       0x14 ./Drivers/STM32F4xx_HAL_Driver/Src/stm32f4xx_hal_i2s.o
                0x0000000008008e6c                HAL_I2S_ErrorCallback
 .text.I2S_DMATxCplt
                0x0000000008008e80       0x42 ./Drivers/STM32F4xx_HAL_Driver/Src/stm32f4xx_hal_i2s.o
 .text.I2S_DMATxHalfCplt
                0x0000000008008ec2       0x1c ./Drivers/STM32F4xx_HAL_Driver/Src/stm32f4xx_hal_i2s.o
 .text.I2S_DMAError
                0x0000000008008ede       0x4c ./Drivers/STM32F4xx_HAL_Driver/Src/stm32f4xx_hal_i2s.o
 .text.I2S_Transmit_IT
                0x0000000008008f2a       0x5c ./Drivers/STM32F4xx_HAL_Driver/Src/stm32f4xx_hal_i2s.o
 .text.I2S_Receive_IT
                0x0000000008008f86       0x5e ./Drivers/STM32F4xx_HAL_Driver/Src/stm32f4xx_hal_i2s.o
 .text.I2S_IRQHandler
                0x0000000008008fe4      0x114 ./Drivers/STM32F4xx_HAL_Driver/Src/stm32f4xx_hal_i2s.o
 .text.HAL_I2SEx_FullDuplex_IRQHandler
                0x00000000080090f8      0x2a8 ./Drivers/STM32F4xx_HAL_Driver/Src/stm32f4xx_hal_i2s_ex.o
                0x00000000080090f8                HAL_I2SEx_FullDuplex_IRQHandler
 .text.HAL_I2SEx_TxRxCpltCallback
                0x00000000080093a0       0x14 ./Drivers/STM32F4xx_HAL_Driver/Src/stm32f4xx_hal_i2s_ex.o
                0x00000000080093a0                HAL_I2SEx_TxRxCpltCallback
 .text.I2SEx_TxISR_I2S
                0x00000000080093b4       0x62 ./Drivers/STM32F4xx_HAL_Driver/Src/stm32f4xx_hal_i2s_ex.o
 *fill*         0x0000000008009416        0x2 
 .text.I2SEx_TxISR_I2SExt
                0x0000000008009418       0x98 ./Drivers/STM32F4xx_HAL_Driver/Src/stm32f4xx_hal_i2s_ex.o
 .text.I2SEx_RxISR_I2S
                0x00000000080094b0       0x64 ./Drivers/STM32F4xx_HAL_Driver/Src/stm32f4xx_hal_i2s_ex.o
 .text.I2SEx_RxISR_I2SExt
                0x0000000008009514       0x98 ./Drivers/STM32F4xx_HAL_Driver/Src/stm32f4xx_hal_i2s_ex.o
 .text.HAL_RCC_OscConfig
                0x00000000080095ac      0x4f0 ./Drivers/STM32F4xx_HAL_Driver/Src/stm32f4xx_hal_rcc.o
                0x00000000080095ac                HAL_RCC_OscConfig
 .text.HAL_RCC_ClockConfig
                0x0000000008009a9c      0x1cc ./Drivers/STM32F4xx_HAL_Driver/Src/stm32f4xx_hal_rcc.o
                0x0000000008009a9c                HAL_RCC_ClockConfig
 .text.HAL_RCC_GetSysClockFreq
                0x0000000008009c68      0x20c ./Drivers/STM32F4xx_HAL_Driver/Src/stm32f4xx_hal_rcc.o
                0x0000000008009c68                HAL_RCC_GetSysClockFreq
 .text.HAL_RCC_GetHCLKFreq
                0x0000000008009e74       0x18 ./Drivers/STM32F4xx_HAL_Driver/Src/stm32f4xx_hal_rcc.o
                0x0000000008009e74                HAL_RCC_GetHCLKFreq
 .text.HAL_RCC_GetPCLK1Freq
                0x0000000008009e8c       0x28 ./Drivers/STM32F4xx_HAL_Driver/Src/stm32f4xx_hal_rcc.o
                0x0000000008009e8c                HAL_RCC_GetPCLK1Freq
 .text.HAL_RCCEx_PeriphCLKConfig
                0x0000000008009eb4      0x1c4 ./Drivers/STM32F4xx_HAL_Driver/Src/stm32f4xx_hal_rcc_ex.o
                0x0000000008009eb4                HAL_RCCEx_PeriphCLKConfig
 .text.HAL_RCCEx_GetPeriphCLKFreq
                0x000000000800a078       0xbc ./Drivers/STM32F4xx_HAL_Driver/Src/stm32f4xx_hal_rcc_ex.o
                0x000000000800a078                HAL_RCCEx_GetPeriphCLKFreq
 .text.HAL_TIM_Base_Init
                0x000000000800a134       0x9e ./Drivers/STM32F4xx_HAL_Driver/Src/stm32f4xx_hal_tim.o
                0x000000000800a134                HAL_TIM_Base_Init
 *fill*         0x000000000800a1d2        0x2 
 .text.HAL_TIM_Base_Start_IT
                0x000000000800a1d4       0xe0 ./Drivers/STM32F4xx_HAL_Driver/Src/stm32f4xx_hal_tim.o
                0x000000000800a1d4                HAL_TIM_Base_Start_IT
 .text.HAL_TIM_OC_Init
                0x000000000800a2b4       0x9e ./Drivers/STM32F4xx_HAL_Driver/Src/stm32f4xx_hal_tim.o
                0x000000000800a2b4                HAL_TIM_OC_Init
 .text.HAL_TIM_IRQHandler
                0x000000000800a352      0x210 ./Drivers/STM32F4xx_HAL_Driver/Src/stm32f4xx_hal_tim.o
                0x000000000800a352                HAL_TIM_IRQHandler
 *fill*         0x000000000800a562        0x2 
 .text.HAL_TIM_OC_ConfigChannel
                0x000000000800a564       0xb8 ./Drivers/STM32F4xx_HAL_Driver/Src/stm32f4xx_hal_tim.o
                0x000000000800a564                HAL_TIM_OC_ConfigChannel
 .text.HAL_TIM_PeriodElapsedCallback
                0x000000000800a61c       0x14 ./Drivers/STM32F4xx_HAL_Driver/Src/stm32f4xx_hal_tim.o
                0x000000000800a61c                HAL_TIM_PeriodElapsedCallback
 .text.HAL_TIM_OC_DelayElapsedCallback
                0x000000000800a630       0x14 ./Drivers/STM32F4xx_HAL_Driver/Src/stm32f4xx_hal_tim.o
                0x000000000800a630                HAL_TIM_OC_DelayElapsedCallback
 .text.HAL_TIM_IC_CaptureCallback
                0x000000000800a644       0x14 ./Drivers/STM32F4xx_HAL_Driver/Src/stm32f4xx_hal_tim.o
                0x000000000800a644                HAL_TIM_IC_CaptureCallback
 .text.HAL_TIM_PWM_PulseFinishedCallback
                0x000000000800a658       0x14 ./Drivers/STM32F4xx_HAL_Driver/Src/stm32f4xx_hal_tim.o
                0x000000000800a658                HAL_TIM_PWM_PulseFinishedCallback
 .text.HAL_TIM_TriggerCallback
                0x000000000800a66c       0x14 ./Drivers/STM32F4xx_HAL_Driver/Src/stm32f4xx_hal_tim.o
                0x000000000800a66c                HAL_TIM_TriggerCallback
 .text.TIM_Base_SetConfig
                0x000000000800a680      0x140 ./Drivers/STM32F4xx_HAL_Driver/Src/stm32f4xx_hal_tim.o
                0x000000000800a680                TIM_Base_SetConfig
 .text.TIM_OC1_SetConfig
                0x000000000800a7c0       0xe0 ./Drivers/STM32F4xx_HAL_Driver/Src/stm32f4xx_hal_tim.o
 .text.TIM_OC2_SetConfig
                0x000000000800a8a0       0xec ./Drivers/STM32F4xx_HAL_Driver/Src/stm32f4xx_hal_tim.o
                0x000000000800a8a0                TIM_OC2_SetConfig
 .text.TIM_OC3_SetConfig
                0x000000000800a98c       0xe8 ./Drivers/STM32F4xx_HAL_Driver/Src/stm32f4xx_hal_tim.o
 .text.TIM_OC4_SetConfig
                0x000000000800aa74       0xac ./Drivers/STM32F4xx_HAL_Driver/Src/stm32f4xx_hal_tim.o
 .text.HAL_TIMEx_MasterConfigSynchronization
                0x000000000800ab20       0xf8 ./Drivers/STM32F4xx_HAL_Driver/Src/stm32f4xx_hal_tim_ex.o
                0x000000000800ab20                HAL_TIMEx_MasterConfigSynchronization
 .text.HAL_TIMEx_CommutCallback
                0x000000000800ac18       0x14 ./Drivers/STM32F4xx_HAL_Driver/Src/stm32f4xx_hal_tim_ex.o
                0x000000000800ac18                HAL_TIMEx_CommutCallback
 .text.HAL_TIMEx_BreakCallback
                0x000000000800ac2c       0x14 ./Drivers/STM32F4xx_HAL_Driver/Src/stm32f4xx_hal_tim_ex.o
                0x000000000800ac2c                HAL_TIMEx_BreakCallback
 .text.USB_CoreInit
                0x000000000800ac40       0xc2 ./Drivers/STM32F4xx_HAL_Driver/Src/stm32f4xx_ll_usb.o
                0x000000000800ac40                USB_CoreInit
 .text.USB_EnableGlobalInt
                0x000000000800ad02       0x22 ./Drivers/STM32F4xx_HAL_Driver/Src/stm32f4xx_ll_usb.o
                0x000000000800ad02                USB_EnableGlobalInt
 .text.USB_DisableGlobalInt
                0x000000000800ad24       0x22 ./Drivers/STM32F4xx_HAL_Driver/Src/stm32f4xx_ll_usb.o
                0x000000000800ad24                USB_DisableGlobalInt
 .text.USB_SetCurrentMode
                0x000000000800ad46       0x98 ./Drivers/STM32F4xx_HAL_Driver/Src/stm32f4xx_ll_usb.o
                0x000000000800ad46                USB_SetCurrentMode
 *fill*         0x000000000800adde        0x2 
 .text.USB_FlushTxFifo
                0x000000000800ade0       0x68 ./Drivers/STM32F4xx_HAL_Driver/Src/stm32f4xx_ll_usb.o
                0x000000000800ade0                USB_FlushTxFifo
 .text.USB_FlushRxFifo
                0x000000000800ae48       0x60 ./Drivers/STM32F4xx_HAL_Driver/Src/stm32f4xx_ll_usb.o
                0x000000000800ae48                USB_FlushRxFifo
 .text.USB_WritePacket
                0x000000000800aea8       0x7c ./Drivers/STM32F4xx_HAL_Driver/Src/stm32f4xx_ll_usb.o
                0x000000000800aea8                USB_WritePacket
 .text.USB_ReadPacket
                0x000000000800af24       0xb0 ./Drivers/STM32F4xx_HAL_Driver/Src/stm32f4xx_ll_usb.o
                0x000000000800af24                USB_ReadPacket
 .text.USB_ReadInterrupts
                0x000000000800afd4       0x26 ./Drivers/STM32F4xx_HAL_Driver/Src/stm32f4xx_ll_usb.o
                0x000000000800afd4                USB_ReadInterrupts
 .text.USB_GetMode
                0x000000000800affa       0x1c ./Drivers/STM32F4xx_HAL_Driver/Src/stm32f4xx_ll_usb.o
                0x000000000800affa                USB_GetMode
 *fill*         0x000000000800b016        0x2 
 .text.USB_CoreReset
                0x000000000800b018       0x68 ./Drivers/STM32F4xx_HAL_Driver/Src/stm32f4xx_ll_usb.o
 .text.USB_HostInit
                0x000000000800b080      0x180 ./Drivers/STM32F4xx_HAL_Driver/Src/stm32f4xx_ll_usb.o
                0x000000000800b080                USB_HostInit
 .text.USB_InitFSLSPClkSel
                0x000000000800b200       0x74 ./Drivers/STM32F4xx_HAL_Driver/Src/stm32f4xx_ll_usb.o
                0x000000000800b200                USB_InitFSLSPClkSel
 .text.USB_ResetPort
                0x000000000800b274       0x54 ./Drivers/STM32F4xx_HAL_Driver/Src/stm32f4xx_ll_usb.o
                0x000000000800b274                USB_ResetPort
 .text.USB_DriveVbus
                0x000000000800b2c8       0x72 ./Drivers/STM32F4xx_HAL_Driver/Src/stm32f4xx_ll_usb.o
                0x000000000800b2c8                USB_DriveVbus
 .text.USB_GetHostSpeed
                0x000000000800b33a       0x2e ./Drivers/STM32F4xx_HAL_Driver/Src/stm32f4xx_ll_usb.o
                0x000000000800b33a                USB_GetHostSpeed
 .text.USB_GetCurrentFrame
                0x000000000800b368       0x22 ./Drivers/STM32F4xx_HAL_Driver/Src/stm32f4xx_ll_usb.o
                0x000000000800b368                USB_GetCurrentFrame
 *fill*         0x000000000800b38a        0x2 
 .text.USB_HC_Init
                0x000000000800b38c      0x244 ./Drivers/STM32F4xx_HAL_Driver/Src/stm32f4xx_ll_usb.o
                0x000000000800b38c                USB_HC_Init
 .text.USB_HC_StartXfer
                0x000000000800b5d0      0x284 ./Drivers/STM32F4xx_HAL_Driver/Src/stm32f4xx_ll_usb.o
                0x000000000800b5d0                USB_HC_StartXfer
 .text.USB_HC_ReadInterrupt
                0x000000000800b854       0x22 ./Drivers/STM32F4xx_HAL_Driver/Src/stm32f4xx_ll_usb.o
                0x000000000800b854                USB_HC_ReadInterrupt
 .text.USB_HC_Halt
                0x000000000800b876      0x1f8 ./Drivers/STM32F4xx_HAL_Driver/Src/stm32f4xx_ll_usb.o
                0x000000000800b876                USB_HC_Halt
 *fill*         0x000000000800ba6e        0x2 
 .text.USB_DoPing
                0x000000000800ba70       0x78 ./Drivers/STM32F4xx_HAL_Driver/Src/stm32f4xx_ll_usb.o
                0x000000000800ba70                USB_DoPing
 .text.USB_StopHost
                0x000000000800bae8      0x124 ./Drivers/STM32F4xx_HAL_Driver/Src/stm32f4xx_ll_usb.o
                0x000000000800bae8                USB_StopHost
 .text.USBH_Init
                0x000000000800bc0c       0x74 ./Middlewares/ST/STM32_USB_Host_Library/Core/Src/usbh_core.o
                0x000000000800bc0c                USBH_Init
 .text.DeInitStateMachine
                0x000000000800bc80       0xaa ./Middlewares/ST/STM32_USB_Host_Library/Core/Src/usbh_core.o
 .text.USBH_RegisterClass
                0x000000000800bd2a       0x56 ./Middlewares/ST/STM32_USB_Host_Library/Core/Src/usbh_core.o
                0x000000000800bd2a                USBH_RegisterClass
 .text.USBH_SelectInterface
                0x000000000800bd80       0x38 ./Middlewares/ST/STM32_USB_Host_Library/Core/Src/usbh_core.o
                0x000000000800bd80                USBH_SelectInterface
 .text.USBH_FindInterface
                0x000000000800bdb8       0x8c ./Middlewares/ST/STM32_USB_Host_Library/Core/Src/usbh_core.o
                0x000000000800bdb8                USBH_FindInterface
 .text.USBH_Start
                0x000000000800be44       0x20 ./Middlewares/ST/STM32_USB_Host_Library/Core/Src/usbh_core.o
                0x000000000800be44                USBH_Start
 .text.USBH_Process
                0x000000000800be64      0x3dc ./Middlewares/ST/STM32_USB_Host_Library/Core/Src/usbh_core.o
                0x000000000800be64                USBH_Process
 .text.USBH_HandleEnum
                0x000000000800c240      0x3c8 ./Middlewares/ST/STM32_USB_Host_Library/Core/Src/usbh_core.o
 .text.USBH_LL_SetTimer
                0x000000000800c608       0x1e ./Middlewares/ST/STM32_USB_Host_Library/Core/Src/usbh_core.o
                0x000000000800c608                USBH_LL_SetTimer
 .text.USBH_LL_IncTimer
                0x000000000800c626       0x24 ./Middlewares/ST/STM32_USB_Host_Library/Core/Src/usbh_core.o
                0x000000000800c626                USBH_LL_IncTimer
 .text.USBH_HandleSof
                0x000000000800c64a       0x30 ./Middlewares/ST/STM32_USB_Host_Library/Core/Src/usbh_core.o
 .text.USBH_LL_PortEnabled
                0x000000000800c67a       0x1c ./Middlewares/ST/STM32_USB_Host_Library/Core/Src/usbh_core.o
                0x000000000800c67a                USBH_LL_PortEnabled
 .text.USBH_LL_PortDisabled
                0x000000000800c696       0x1c ./Middlewares/ST/STM32_USB_Host_Library/Core/Src/usbh_core.o
                0x000000000800c696                USBH_LL_PortDisabled
 .text.USBH_LL_Connect
                0x000000000800c6b2       0x2e ./Middlewares/ST/STM32_USB_Host_Library/Core/Src/usbh_core.o
                0x000000000800c6b2                USBH_LL_Connect
 .text.USBH_LL_Disconnect
                0x000000000800c6e0       0x48 ./Middlewares/ST/STM32_USB_Host_Library/Core/Src/usbh_core.o
                0x000000000800c6e0                USBH_LL_Disconnect
 .text.USBH_Get_DevDesc
                0x000000000800c728       0x50 ./Middlewares/ST/STM32_USB_Host_Library/Core/Src/usbh_ctlreq.o
                0x000000000800c728                USBH_Get_DevDesc
 .text.USBH_Get_CfgDesc
                0x000000000800c778       0x48 ./Middlewares/ST/STM32_USB_Host_Library/Core/Src/usbh_ctlreq.o
                0x000000000800c778                USBH_Get_CfgDesc
 .text.USBH_Get_StringDesc
                0x000000000800c7c0       0x56 ./Middlewares/ST/STM32_USB_Host_Library/Core/Src/usbh_ctlreq.o
                0x000000000800c7c0                USBH_Get_StringDesc
 .text.USBH_GetDescriptor
                0x000000000800c816       0x6a ./Middlewares/ST/STM32_USB_Host_Library/Core/Src/usbh_ctlreq.o
                0x000000000800c816                USBH_GetDescriptor
 .text.USBH_SetAddress
                0x000000000800c880       0x48 ./Middlewares/ST/STM32_USB_Host_Library/Core/Src/usbh_ctlreq.o
                0x000000000800c880                USBH_SetAddress
 .text.USBH_SetCfg
                0x000000000800c8c8       0x46 ./Middlewares/ST/STM32_USB_Host_Library/Core/Src/usbh_ctlreq.o
                0x000000000800c8c8                USBH_SetCfg
 .text.USBH_SetFeature
                0x000000000800c90e       0x48 ./Middlewares/ST/STM32_USB_Host_Library/Core/Src/usbh_ctlreq.o
                0x000000000800c90e                USBH_SetFeature
 .text.USBH_ClrFeature
                0x000000000800c956       0x48 ./Middlewares/ST/STM32_USB_Host_Library/Core/Src/usbh_ctlreq.o
                0x000000000800c956                USBH_ClrFeature
 .text.USBH_ParseDevDesc
                0x000000000800c99e      0x122 ./Middlewares/ST/STM32_USB_Host_Library/Core/Src/usbh_ctlreq.o
 .text.USBH_ParseCfgDesc
                0x000000000800cac0      0x1d8 ./Middlewares/ST/STM32_USB_Host_Library/Core/Src/usbh_ctlreq.o
 .text.USBH_ParseInterfaceDesc
                0x000000000800cc98       0x5e ./Middlewares/ST/STM32_USB_Host_Library/Core/Src/usbh_ctlreq.o
 .text.USBH_ParseEPDesc
                0x000000000800ccf6      0x14a ./Middlewares/ST/STM32_USB_Host_Library/Core/Src/usbh_ctlreq.o
 .text.USBH_ParseStringDesc
                0x000000000800ce40       0x66 ./Middlewares/ST/STM32_USB_Host_Library/Core/Src/usbh_ctlreq.o
 .text.USBH_GetNextDesc
                0x000000000800cea6       0x36 ./Middlewares/ST/STM32_USB_Host_Library/Core/Src/usbh_ctlreq.o
                0x000000000800cea6                USBH_GetNextDesc
 .text.USBH_CtlReq
                0x000000000800cedc       0x7a ./Middlewares/ST/STM32_USB_Host_Library/Core/Src/usbh_ctlreq.o
                0x000000000800cedc                USBH_CtlReq
 *fill*         0x000000000800cf56        0x2 
 .text.USBH_HandleControl
                0x000000000800cf58      0x2e8 ./Middlewares/ST/STM32_USB_Host_Library/Core/Src/usbh_ctlreq.o
 .text.USBH_CtlSendSetup
                0x000000000800d240       0x34 ./Middlewares/ST/STM32_USB_Host_Library/Core/Src/usbh_ioreq.o
                0x000000000800d240                USBH_CtlSendSetup
 .text.USBH_CtlSendData
                0x000000000800d274       0x4a ./Middlewares/ST/STM32_USB_Host_Library/Core/Src/usbh_ioreq.o
                0x000000000800d274                USBH_CtlSendData
 .text.USBH_CtlReceiveData
                0x000000000800d2be       0x3c ./Middlewares/ST/STM32_USB_Host_Library/Core/Src/usbh_ioreq.o
                0x000000000800d2be                USBH_CtlReceiveData
 .text.USBH_BulkReceiveData
                0x000000000800d2fa       0x3c ./Middlewares/ST/STM32_USB_Host_Library/Core/Src/usbh_ioreq.o
                0x000000000800d2fa                USBH_BulkReceiveData
 .text.USBH_OpenPipe
                0x000000000800d336       0x3e ./Middlewares/ST/STM32_USB_Host_Library/Core/Src/usbh_pipes.o
                0x000000000800d336                USBH_OpenPipe
 .text.USBH_ClosePipe
                0x000000000800d374       0x20 ./Middlewares/ST/STM32_USB_Host_Library/Core/Src/usbh_pipes.o
                0x000000000800d374                USBH_ClosePipe
 .text.USBH_AllocPipe
                0x000000000800d394       0x44 ./Middlewares/ST/STM32_USB_Host_Library/Core/Src/usbh_pipes.o
                0x000000000800d394                USBH_AllocPipe
 .text.USBH_FreePipe
                0x000000000800d3d8       0x40 ./Middlewares/ST/STM32_USB_Host_Library/Core/Src/usbh_pipes.o
                0x000000000800d3d8                USBH_FreePipe
 .text.USBH_GetFreePipe
                0x000000000800d418       0x4a ./Middlewares/ST/STM32_USB_Host_Library/Core/Src/usbh_pipes.o
 *fill*         0x000000000800d462        0x2 
 .text.MX_USB_HOST_Init
                0x000000000800d464       0x4c ./USB_HOST/App/usb_host.o
                0x000000000800d464                MX_USB_HOST_Init
 .text.MX_USB_HOST_Process
                0x000000000800d4b0       0x14 ./USB_HOST/App/usb_host.o
                0x000000000800d4b0                MX_USB_HOST_Process
 .text.USBH_UserProcess
                0x000000000800d4c4       0x5c ./USB_HOST/App/usb_host.o
 .text.HAL_HCD_MspInit
                0x000000000800d520       0xc4 ./USB_HOST/Target/usbh_conf.o
                0x000000000800d520                HAL_HCD_MspInit
 .text.HAL_HCD_SOF_Callback
                0x000000000800d5e4       0x1c ./USB_HOST/Target/usbh_conf.o
                0x000000000800d5e4                HAL_HCD_SOF_Callback
 .text.HAL_HCD_Connect_Callback
                0x000000000800d600       0x1c ./USB_HOST/Target/usbh_conf.o
                0x000000000800d600                HAL_HCD_Connect_Callback
 .text.HAL_HCD_Disconnect_Callback
                0x000000000800d61c       0x1c ./USB_HOST/Target/usbh_conf.o
                0x000000000800d61c                HAL_HCD_Disconnect_Callback
 .text.HAL_HCD_HC_NotifyURBChange_Callback
                0x000000000800d638       0x1c ./USB_HOST/Target/usbh_conf.o
                0x000000000800d638                HAL_HCD_HC_NotifyURBChange_Callback
 .text.HAL_HCD_PortEnabled_Callback
                0x000000000800d654       0x1c ./USB_HOST/Target/usbh_conf.o
                0x000000000800d654                HAL_HCD_PortEnabled_Callback
 .text.HAL_HCD_PortDisabled_Callback
                0x000000000800d670       0x1c ./USB_HOST/Target/usbh_conf.o
                0x000000000800d670                HAL_HCD_PortDisabled_Callback
 .text.USBH_LL_Init
                0x000000000800d68c       0x78 ./USB_HOST/Target/usbh_conf.o
                0x000000000800d68c                USBH_LL_Init
 .text.USBH_LL_Start
                0x000000000800d704       0x36 ./USB_HOST/Target/usbh_conf.o
                0x000000000800d704                USBH_LL_Start
 .text.USBH_LL_Stop
                0x000000000800d73a       0x36 ./USB_HOST/Target/usbh_conf.o
                0x000000000800d73a                USBH_LL_Stop
 .text.USBH_LL_GetSpeed
                0x000000000800d770       0x4e ./USB_HOST/Target/usbh_conf.o
                0x000000000800d770                USBH_LL_GetSpeed
 .text.USBH_LL_ResetPort
                0x000000000800d7be       0x36 ./USB_HOST/Target/usbh_conf.o
                0x000000000800d7be                USBH_LL_ResetPort
 .text.USBH_LL_GetLastXferSize
                0x000000000800d7f4       0x26 ./USB_HOST/Target/usbh_conf.o
                0x000000000800d7f4                USBH_LL_GetLastXferSize
 .text.USBH_LL_OpenPipe
                0x000000000800d81a       0x5e ./USB_HOST/Target/usbh_conf.o
                0x000000000800d81a                USBH_LL_OpenPipe
 .text.USBH_LL_ClosePipe
                0x000000000800d878       0x3e ./USB_HOST/Target/usbh_conf.o
                0x000000000800d878                USBH_LL_ClosePipe
 .text.USBH_LL_SubmitURB
                0x000000000800d8b6       0x62 ./USB_HOST/Target/usbh_conf.o
                0x000000000800d8b6                USBH_LL_SubmitURB
 .text.USBH_LL_GetURBState
                0x000000000800d918       0x26 ./USB_HOST/Target/usbh_conf.o
                0x000000000800d918                USBH_LL_GetURBState
 .text.USBH_LL_DriverVBUS
                0x000000000800d93e       0x2e ./USB_HOST/Target/usbh_conf.o
                0x000000000800d93e                USBH_LL_DriverVBUS
 .text.USBH_LL_SetToggle
                0x000000000800d96c       0x60 ./USB_HOST/Target/usbh_conf.o
                0x000000000800d96c                USBH_LL_SetToggle
 .text.USBH_Delay
                0x000000000800d9cc       0x16 ./USB_HOST/Target/usbh_conf.o
                0x000000000800d9cc                USBH_Delay
 *fill*         0x000000000800d9e2        0x2 
 .text.USBH_Get_USB_Status
                0x000000000800d9e4       0x58 ./USB_HOST/Target/usbh_conf.o
                0x000000000800d9e4                USBH_Get_USB_Status
 .text.MX_DriverVbusFS
                0x000000000800da3c       0x38 ./USB_HOST/Target/usbh_platform.o
                0x000000000800da3c                MX_DriverVbusFS
 .text.__errno  0x000000000800da74        0xc /opt/st/stm32cubeide_1.10.1/plugins/com.st.stm32cube.ide.mcu.externaltools.gnu-tools-for-stm32.10.3-2021.10.linux64_1.0.0.202111181127/tools/bin/../lib/gcc/arm-none-eabi/10.3.1/../../../../arm-none-eabi/lib/thumb/v7e-m+fp/hard/libc_nano.a(lib_a-errno.o)
                0x000000000800da74                __errno
 .text.__libc_init_array
                0x000000000800da80       0x48 /opt/st/stm32cubeide_1.10.1/plugins/com.st.stm32cube.ide.mcu.externaltools.gnu-tools-for-stm32.10.3-2021.10.linux64_1.0.0.202111181127/tools/bin/../lib/gcc/arm-none-eabi/10.3.1/../../../../arm-none-eabi/lib/thumb/v7e-m+fp/hard/libc_nano.a(lib_a-init.o)
                0x000000000800da80                __libc_init_array
 .text.malloc   0x000000000800dac8       0x10 /opt/st/stm32cubeide_1.10.1/plugins/com.st.stm32cube.ide.mcu.externaltools.gnu-tools-for-stm32.10.3-2021.10.linux64_1.0.0.202111181127/tools/bin/../lib/gcc/arm-none-eabi/10.3.1/../../../../arm-none-eabi/lib/thumb/v7e-m+fp/hard/libc_nano.a(lib_a-malloc.o)
                0x000000000800dac8                malloc
 .text.free     0x000000000800dad8       0x10 /opt/st/stm32cubeide_1.10.1/plugins/com.st.stm32cube.ide.mcu.externaltools.gnu-tools-for-stm32.10.3-2021.10.linux64_1.0.0.202111181127/tools/bin/../lib/gcc/arm-none-eabi/10.3.1/../../../../arm-none-eabi/lib/thumb/v7e-m+fp/hard/libc_nano.a(lib_a-malloc.o)
                0x000000000800dad8                free
 .text.memcpy   0x000000000800dae8       0x1c /opt/st/stm32cubeide_1.10.1/plugins/com.st.stm32cube.ide.mcu.externaltools.gnu-tools-for-stm32.10.3-2021.10.linux64_1.0.0.202111181127/tools/bin/../lib/gcc/arm-none-eabi/10.3.1/../../../../arm-none-eabi/lib/thumb/v7e-m+fp/hard/libc_nano.a(lib_a-memcpy-stub.o)
                0x000000000800dae8                memcpy
 .text.memset   0x000000000800db04       0x10 /opt/st/stm32cubeide_1.10.1/plugins/com.st.stm32cube.ide.mcu.externaltools.gnu-tools-for-stm32.10.3-2021.10.linux64_1.0.0.202111181127/tools/bin/../lib/gcc/arm-none-eabi/10.3.1/../../../../arm-none-eabi/lib/thumb/v7e-m+fp/hard/libc_nano.a(lib_a-memset.o)
                0x000000000800db04                memset
 .text._free_r  0x000000000800db14       0x98 /opt/st/stm32cubeide_1.10.1/plugins/com.st.stm32cube.ide.mcu.externaltools.gnu-tools-for-stm32.10.3-2021.10.linux64_1.0.0.202111181127/tools/bin/../lib/gcc/arm-none-eabi/10.3.1/../../../../arm-none-eabi/lib/thumb/v7e-m+fp/hard/libc_nano.a(lib_a-nano-freer.o)
                0x000000000800db14                _free_r
 .text.sbrk_aligned
                0x000000000800dbac       0x40 /opt/st/stm32cubeide_1.10.1/plugins/com.st.stm32cube.ide.mcu.externaltools.gnu-tools-for-stm32.10.3-2021.10.linux64_1.0.0.202111181127/tools/bin/../lib/gcc/arm-none-eabi/10.3.1/../../../../arm-none-eabi/lib/thumb/v7e-m+fp/hard/libc_nano.a(lib_a-nano-mallocr.o)
 .text._malloc_r
                0x000000000800dbec       0xe8 /opt/st/stm32cubeide_1.10.1/plugins/com.st.stm32cube.ide.mcu.externaltools.gnu-tools-for-stm32.10.3-2021.10.linux64_1.0.0.202111181127/tools/bin/../lib/gcc/arm-none-eabi/10.3.1/../../../../arm-none-eabi/lib/thumb/v7e-m+fp/hard/libc_nano.a(lib_a-nano-mallocr.o)
                0x000000000800dbec                _malloc_r
 .text._sbrk_r  0x000000000800dcd4       0x20 /opt/st/stm32cubeide_1.10.1/plugins/com.st.stm32cube.ide.mcu.externaltools.gnu-tools-for-stm32.10.3-2021.10.linux64_1.0.0.202111181127/tools/bin/../lib/gcc/arm-none-eabi/10.3.1/../../../../arm-none-eabi/lib/thumb/v7e-m+fp/hard/libc_nano.a(lib_a-sbrkr.o)
                0x000000000800dcd4                _sbrk_r
 .text.__malloc_lock
                0x000000000800dcf4        0xc /opt/st/stm32cubeide_1.10.1/plugins/com.st.stm32cube.ide.mcu.externaltools.gnu-tools-for-stm32.10.3-2021.10.linux64_1.0.0.202111181127/tools/bin/../lib/gcc/arm-none-eabi/10.3.1/../../../../arm-none-eabi/lib/thumb/v7e-m+fp/hard/libc_nano.a(lib_a-mlock.o)
                0x000000000800dcf4                __malloc_lock
 .text.__malloc_unlock
                0x000000000800dd00        0xc /opt/st/stm32cubeide_1.10.1/plugins/com.st.stm32cube.ide.mcu.externaltools.gnu-tools-for-stm32.10.3-2021.10.linux64_1.0.0.202111181127/tools/bin/../lib/gcc/arm-none-eabi/10.3.1/../../../../arm-none-eabi/lib/thumb/v7e-m+fp/hard/libc_nano.a(lib_a-mlock.o)
                0x000000000800dd00                __malloc_unlock
 .text.__retarget_lock_acquire_recursive
                0x000000000800dd0c        0x2 /opt/st/stm32cubeide_1.10.1/plugins/com.st.stm32cube.ide.mcu.externaltools.gnu-tools-for-stm32.10.3-2021.10.linux64_1.0.0.202111181127/tools/bin/../lib/gcc/arm-none-eabi/10.3.1/../../../../arm-none-eabi/lib/thumb/v7e-m+fp/hard/libc_nano.a(lib_a-lock.o)
                0x000000000800dd0c                __retarget_lock_acquire_recursive
 .text.__retarget_lock_release_recursive
                0x000000000800dd0e        0x2 /opt/st/stm32cubeide_1.10.1/plugins/com.st.stm32cube.ide.mcu.externaltools.gnu-tools-for-stm32.10.3-2021.10.linux64_1.0.0.202111181127/tools/bin/../lib/gcc/arm-none-eabi/10.3.1/../../../../arm-none-eabi/lib/thumb/v7e-m+fp/hard/libc_nano.a(lib_a-lock.o)
                0x000000000800dd0e                __retarget_lock_release_recursive
 .text.floor    0x000000000800dd10      0x100 /opt/st/stm32cubeide_1.10.1/plugins/com.st.stm32cube.ide.mcu.externaltools.gnu-tools-for-stm32.10.3-2021.10.linux64_1.0.0.202111181127/tools/bin/../lib/gcc/arm-none-eabi/10.3.1/../../../../arm-none-eabi/lib/thumb/v7e-m+fp/hard/libm.a(lib_a-s_floor.o)
                0x000000000800dd10                floor
 .text.sin      0x000000000800de10       0xb0 /opt/st/stm32cubeide_1.10.1/plugins/com.st.stm32cube.ide.mcu.externaltools.gnu-tools-for-stm32.10.3-2021.10.linux64_1.0.0.202111181127/tools/bin/../lib/gcc/arm-none-eabi/10.3.1/../../../../arm-none-eabi/lib/thumb/v7e-m+fp/hard/libm.a(lib_a-s_sin.o)
                0x000000000800de10                sin
 .text.cosf     0x000000000800dec0       0x88 /opt/st/stm32cubeide_1.10.1/plugins/com.st.stm32cube.ide.mcu.externaltools.gnu-tools-for-stm32.10.3-2021.10.linux64_1.0.0.202111181127/tools/bin/../lib/gcc/arm-none-eabi/10.3.1/../../../../arm-none-eabi/lib/thumb/v7e-m+fp/hard/libm.a(lib_a-sf_cos.o)
                0x000000000800dec0                cosf
 .text.roundf   0x000000000800df48       0x48 /opt/st/stm32cubeide_1.10.1/plugins/com.st.stm32cube.ide.mcu.externaltools.gnu-tools-for-stm32.10.3-2021.10.linux64_1.0.0.202111181127/tools/bin/../lib/gcc/arm-none-eabi/10.3.1/../../../../arm-none-eabi/lib/thumb/v7e-m+fp/hard/libm.a(lib_a-sf_round.o)
                0x000000000800df48                roundf
 .text.pow      0x000000000800df90       0xe0 /opt/st/stm32cubeide_1.10.1/plugins/com.st.stm32cube.ide.mcu.externaltools.gnu-tools-for-stm32.10.3-2021.10.linux64_1.0.0.202111181127/tools/bin/../lib/gcc/arm-none-eabi/10.3.1/../../../../arm-none-eabi/lib/thumb/v7e-m+fp/hard/libm.a(lib_a-w_pow.o)
                0x000000000800df90                pow
 .text.sqrt     0x000000000800e070       0x58 /opt/st/stm32cubeide_1.10.1/plugins/com.st.stm32cube.ide.mcu.externaltools.gnu-tools-for-stm32.10.3-2021.10.linux64_1.0.0.202111181127/tools/bin/../lib/gcc/arm-none-eabi/10.3.1/../../../../arm-none-eabi/lib/thumb/v7e-m+fp/hard/libm.a(lib_a-w_sqrt.o)
                0x000000000800e070                sqrt
 .text.powf     0x000000000800e0c8       0xae /opt/st/stm32cubeide_1.10.1/plugins/com.st.stm32cube.ide.mcu.externaltools.gnu-tools-for-stm32.10.3-2021.10.linux64_1.0.0.202111181127/tools/bin/../lib/gcc/arm-none-eabi/10.3.1/../../../../arm-none-eabi/lib/thumb/v7e-m+fp/hard/libm.a(lib_a-wf_pow.o)
                0x000000000800e0c8                powf
 *fill*         0x000000000800e176        0x2 
 .text.__ieee754_pow
                0x000000000800e178      0xa5c /opt/st/stm32cubeide_1.10.1/plugins/com.st.stm32cube.ide.mcu.externaltools.gnu-tools-for-stm32.10.3-2021.10.linux64_1.0.0.202111181127/tools/bin/../lib/gcc/arm-none-eabi/10.3.1/../../../../arm-none-eabi/lib/thumb/v7e-m+fp/hard/libm.a(lib_a-e_pow.o)
                0x000000000800e178                __ieee754_pow
 *fill*         0x000000000800ebd4        0x4 
 .text.__ieee754_rem_pio2
                0x000000000800ebd8      0x418 /opt/st/stm32cubeide_1.10.1/plugins/com.st.stm32cube.ide.mcu.externaltools.gnu-tools-for-stm32.10.3-2021.10.linux64_1.0.0.202111181127/tools/bin/../lib/gcc/arm-none-eabi/10.3.1/../../../../arm-none-eabi/lib/thumb/v7e-m+fp/hard/libm.a(lib_a-e_rem_pio2.o)
                0x000000000800ebd8                __ieee754_rem_pio2
 .text.__ieee754_sqrt
                0x000000000800eff0      0x164 /opt/st/stm32cubeide_1.10.1/plugins/com.st.stm32cube.ide.mcu.externaltools.gnu-tools-for-stm32.10.3-2021.10.linux64_1.0.0.202111181127/tools/bin/../lib/gcc/arm-none-eabi/10.3.1/../../../../arm-none-eabi/lib/thumb/v7e-m+fp/hard/libm.a(lib_a-e_sqrt.o)
                0x000000000800eff0                __ieee754_sqrt
 .text.__ieee754_powf
                0x000000000800f154      0x59c /opt/st/stm32cubeide_1.10.1/plugins/com.st.stm32cube.ide.mcu.externaltools.gnu-tools-for-stm32.10.3-2021.10.linux64_1.0.0.202111181127/tools/bin/../lib/gcc/arm-none-eabi/10.3.1/../../../../arm-none-eabi/lib/thumb/v7e-m+fp/hard/libm.a(lib_a-ef_pow.o)
                0x000000000800f154                __ieee754_powf
 .text.__ieee754_rem_pio2f
                0x000000000800f6f0      0x278 /opt/st/stm32cubeide_1.10.1/plugins/com.st.stm32cube.ide.mcu.externaltools.gnu-tools-for-stm32.10.3-2021.10.linux64_1.0.0.202111181127/tools/bin/../lib/gcc/arm-none-eabi/10.3.1/../../../../arm-none-eabi/lib/thumb/v7e-m+fp/hard/libm.a(lib_a-ef_rem_pio2.o)
                0x000000000800f6f0                __ieee754_rem_pio2f
 .text.__ieee754_sqrtf
                0x000000000800f968        0x6 /opt/st/stm32cubeide_1.10.1/plugins/com.st.stm32cube.ide.mcu.externaltools.gnu-tools-for-stm32.10.3-2021.10.linux64_1.0.0.202111181127/tools/bin/../lib/gcc/arm-none-eabi/10.3.1/../../../../arm-none-eabi/lib/thumb/v7e-m+fp/hard/libm.a(lib_a-ef_sqrt.o)
                0x000000000800f968                __ieee754_sqrtf
 *fill*         0x000000000800f96e        0x2 
 .text.__kernel_cos
                0x000000000800f970      0x18c /opt/st/stm32cubeide_1.10.1/plugins/com.st.stm32cube.ide.mcu.externaltools.gnu-tools-for-stm32.10.3-2021.10.linux64_1.0.0.202111181127/tools/bin/../lib/gcc/arm-none-eabi/10.3.1/../../../../arm-none-eabi/lib/thumb/v7e-m+fp/hard/libm.a(lib_a-k_cos.o)
                0x000000000800f970                __kernel_cos
 *fill*         0x000000000800fafc        0x4 
 .text.__kernel_rem_pio2
                0x000000000800fb00      0x69c /opt/st/stm32cubeide_1.10.1/plugins/com.st.stm32cube.ide.mcu.externaltools.gnu-tools-for-stm32.10.3-2021.10.linux64_1.0.0.202111181127/tools/bin/../lib/gcc/arm-none-eabi/10.3.1/../../../../arm-none-eabi/lib/thumb/v7e-m+fp/hard/libm.a(lib_a-k_rem_pio2.o)
                0x000000000800fb00                __kernel_rem_pio2
 *fill*         0x000000000801019c        0x4 
 .text.__kernel_sin
                0x00000000080101a0      0x17c /opt/st/stm32cubeide_1.10.1/plugins/com.st.stm32cube.ide.mcu.externaltools.gnu-tools-for-stm32.10.3-2021.10.linux64_1.0.0.202111181127/tools/bin/../lib/gcc/arm-none-eabi/10.3.1/../../../../arm-none-eabi/lib/thumb/v7e-m+fp/hard/libm.a(lib_a-k_sin.o)
                0x00000000080101a0                __kernel_sin
 .text.__kernel_cosf
                0x000000000801031c       0xc0 /opt/st/stm32cubeide_1.10.1/plugins/com.st.stm32cube.ide.mcu.externaltools.gnu-tools-for-stm32.10.3-2021.10.linux64_1.0.0.202111181127/tools/bin/../lib/gcc/arm-none-eabi/10.3.1/../../../../arm-none-eabi/lib/thumb/v7e-m+fp/hard/libm.a(lib_a-kf_cos.o)
                0x000000000801031c                __kernel_cosf
 .text.__kernel_rem_pio2f
                0x00000000080103dc      0x4ec /opt/st/stm32cubeide_1.10.1/plugins/com.st.stm32cube.ide.mcu.externaltools.gnu-tools-for-stm32.10.3-2021.10.linux64_1.0.0.202111181127/tools/bin/../lib/gcc/arm-none-eabi/10.3.1/../../../../arm-none-eabi/lib/thumb/v7e-m+fp/hard/libm.a(lib_a-kf_rem_pio2.o)
                0x00000000080103dc                __kernel_rem_pio2f
 .text.__kernel_sinf
                0x00000000080108c8       0x90 /opt/st/stm32cubeide_1.10.1/plugins/com.st.stm32cube.ide.mcu.externaltools.gnu-tools-for-stm32.10.3-2021.10.linux64_1.0.0.202111181127/tools/bin/../lib/gcc/arm-none-eabi/10.3.1/../../../../arm-none-eabi/lib/thumb/v7e-m+fp/hard/libm.a(lib_a-kf_sin.o)
                0x00000000080108c8                __kernel_sinf
 .text.with_errno
                0x0000000008010958       0x14 /opt/st/stm32cubeide_1.10.1/plugins/com.st.stm32cube.ide.mcu.externaltools.gnu-tools-for-stm32.10.3-2021.10.linux64_1.0.0.202111181127/tools/bin/../lib/gcc/arm-none-eabi/10.3.1/../../../../arm-none-eabi/lib/thumb/v7e-m+fp/hard/libm.a(lib_a-math_err.o)
 .text.xflow    0x000000000801096c       0x28 /opt/st/stm32cubeide_1.10.1/plugins/com.st.stm32cube.ide.mcu.externaltools.gnu-tools-for-stm32.10.3-2021.10.linux64_1.0.0.202111181127/tools/bin/../lib/gcc/arm-none-eabi/10.3.1/../../../../arm-none-eabi/lib/thumb/v7e-m+fp/hard/libm.a(lib_a-math_err.o)
 .text.__math_uflow
                0x0000000008010994       0x12 /opt/st/stm32cubeide_1.10.1/plugins/com.st.stm32cube.ide.mcu.externaltools.gnu-tools-for-stm32.10.3-2021.10.linux64_1.0.0.202111181127/tools/bin/../lib/gcc/arm-none-eabi/10.3.1/../../../../arm-none-eabi/lib/thumb/v7e-m+fp/hard/libm.a(lib_a-math_err.o)
                0x0000000008010994                __math_uflow
 .text.__math_oflow
                0x00000000080109a6       0x12 /opt/st/stm32cubeide_1.10.1/plugins/com.st.stm32cube.ide.mcu.externaltools.gnu-tools-for-stm32.10.3-2021.10.linux64_1.0.0.202111181127/tools/bin/../lib/gcc/arm-none-eabi/10.3.1/../../../../arm-none-eabi/lib/thumb/v7e-m+fp/hard/libm.a(lib_a-math_err.o)
                0x00000000080109a6                __math_oflow
 .text.with_errnof
                0x00000000080109b8       0x16 /opt/st/stm32cubeide_1.10.1/plugins/com.st.stm32cube.ide.mcu.externaltools.gnu-tools-for-stm32.10.3-2021.10.linux64_1.0.0.202111181127/tools/bin/../lib/gcc/arm-none-eabi/10.3.1/../../../../arm-none-eabi/lib/thumb/v7e-m+fp/hard/libm.a(lib_a-math_errf.o)
 .text.xflowf   0x00000000080109ce       0x16 /opt/st/stm32cubeide_1.10.1/plugins/com.st.stm32cube.ide.mcu.externaltools.gnu-tools-for-stm32.10.3-2021.10.linux64_1.0.0.202111181127/tools/bin/../lib/gcc/arm-none-eabi/10.3.1/../../../../arm-none-eabi/lib/thumb/v7e-m+fp/hard/libm.a(lib_a-math_errf.o)
 .text.__math_uflowf
                0x00000000080109e4        0xc /opt/st/stm32cubeide_1.10.1/plugins/com.st.stm32cube.ide.mcu.externaltools.gnu-tools-for-stm32.10.3-2021.10.linux64_1.0.0.202111181127/tools/bin/../lib/gcc/arm-none-eabi/10.3.1/../../../../arm-none-eabi/lib/thumb/v7e-m+fp/hard/libm.a(lib_a-math_errf.o)
                0x00000000080109e4                __math_uflowf
 .text.__math_oflowf
                0x00000000080109f0        0xc /opt/st/stm32cubeide_1.10.1/plugins/com.st.stm32cube.ide.mcu.externaltools.gnu-tools-for-stm32.10.3-2021.10.linux64_1.0.0.202111181127/tools/bin/../lib/gcc/arm-none-eabi/10.3.1/../../../../arm-none-eabi/lib/thumb/v7e-m+fp/hard/libm.a(lib_a-math_errf.o)
                0x00000000080109f0                __math_oflowf
 .text.fabs     0x00000000080109fc       0x12 /opt/st/stm32cubeide_1.10.1/plugins/com.st.stm32cube.ide.mcu.externaltools.gnu-tools-for-stm32.10.3-2021.10.linux64_1.0.0.202111181127/tools/bin/../lib/gcc/arm-none-eabi/10.3.1/../../../../arm-none-eabi/lib/thumb/v7e-m+fp/hard/libm.a(lib_a-s_fabs.o)
                0x00000000080109fc                fabs
 .text.finite   0x0000000008010a0e       0x16 /opt/st/stm32cubeide_1.10.1/plugins/com.st.stm32cube.ide.mcu.externaltools.gnu-tools-for-stm32.10.3-2021.10.linux64_1.0.0.202111181127/tools/bin/../lib/gcc/arm-none-eabi/10.3.1/../../../../arm-none-eabi/lib/thumb/v7e-m+fp/hard/libm.a(lib_a-s_finite.o)
                0x0000000008010a0e                finite
 *fill*         0x0000000008010a24        0x4 
 .text.scalbn   0x0000000008010a28      0x10c /opt/st/stm32cubeide_1.10.1/plugins/com.st.stm32cube.ide.mcu.externaltools.gnu-tools-for-stm32.10.3-2021.10.linux64_1.0.0.202111181127/tools/bin/../lib/gcc/arm-none-eabi/10.3.1/../../../../arm-none-eabi/lib/thumb/v7e-m+fp/hard/libm.a(lib_a-s_scalbn.o)
                0x0000000008010a28                scalbn
 .text.fabsf    0x0000000008010b34        0xe /opt/st/stm32cubeide_1.10.1/plugins/com.st.stm32cube.ide.mcu.externaltools.gnu-tools-for-stm32.10.3-2021.10.linux64_1.0.0.202111181127/tools/bin/../lib/gcc/arm-none-eabi/10.3.1/../../../../arm-none-eabi/lib/thumb/v7e-m+fp/hard/libm.a(lib_a-sf_fabs.o)
                0x0000000008010b34                fabsf
 .text.finitef  0x0000000008010b42       0x1a /opt/st/stm32cubeide_1.10.1/plugins/com.st.stm32cube.ide.mcu.externaltools.gnu-tools-for-stm32.10.3-2021.10.linux64_1.0.0.202111181127/tools/bin/../lib/gcc/arm-none-eabi/10.3.1/../../../../arm-none-eabi/lib/thumb/v7e-m+fp/hard/libm.a(lib_a-sf_finite.o)
                0x0000000008010b42                finitef
 .text.floorf   0x0000000008010b5c       0x84 /opt/st/stm32cubeide_1.10.1/plugins/com.st.stm32cube.ide.mcu.externaltools.gnu-tools-for-stm32.10.3-2021.10.linux64_1.0.0.202111181127/tools/bin/../lib/gcc/arm-none-eabi/10.3.1/../../../../arm-none-eabi/lib/thumb/v7e-m+fp/hard/libm.a(lib_a-sf_floor.o)
                0x0000000008010b5c                floorf
 .text.scalbnf  0x0000000008010be0       0xe4 /opt/st/stm32cubeide_1.10.1/plugins/com.st.stm32cube.ide.mcu.externaltools.gnu-tools-for-stm32.10.3-2021.10.linux64_1.0.0.202111181127/tools/bin/../lib/gcc/arm-none-eabi/10.3.1/../../../../arm-none-eabi/lib/thumb/v7e-m+fp/hard/libm.a(lib_a-sf_scalbn.o)
                0x0000000008010be0                scalbnf
 *(.glue_7)
 .glue_7        0x0000000008010cc4        0x0 linker stubs
 *(.glue_7t)
 .glue_7t       0x0000000008010cc4        0x0 linker stubs
 *(.eh_frame)
 .eh_frame      0x0000000008010cc4        0x0 /opt/st/stm32cubeide_1.10.1/plugins/com.st.stm32cube.ide.mcu.externaltools.gnu-tools-for-stm32.10.3-2021.10.linux64_1.0.0.202111181127/tools/bin/../lib/gcc/arm-none-eabi/10.3.1/thumb/v7e-m+fp/hard/crtbegin.o
 *(.init)
 .init          0x0000000008010cc4        0x4 /opt/st/stm32cubeide_1.10.1/plugins/com.st.stm32cube.ide.mcu.externaltools.gnu-tools-for-stm32.10.3-2021.10.linux64_1.0.0.202111181127/tools/bin/../lib/gcc/arm-none-eabi/10.3.1/thumb/v7e-m+fp/hard/crti.o
                0x0000000008010cc4                _init
 .init          0x0000000008010cc8        0x8 /opt/st/stm32cubeide_1.10.1/plugins/com.st.stm32cube.ide.mcu.externaltools.gnu-tools-for-stm32.10.3-2021.10.linux64_1.0.0.202111181127/tools/bin/../lib/gcc/arm-none-eabi/10.3.1/thumb/v7e-m+fp/hard/crtn.o
 *(.fini)
 .fini          0x0000000008010cd0        0x4 /opt/st/stm32cubeide_1.10.1/plugins/com.st.stm32cube.ide.mcu.externaltools.gnu-tools-for-stm32.10.3-2021.10.linux64_1.0.0.202111181127/tools/bin/../lib/gcc/arm-none-eabi/10.3.1/thumb/v7e-m+fp/hard/crti.o
                0x0000000008010cd0                _fini
 .fini          0x0000000008010cd4        0x8 /opt/st/stm32cubeide_1.10.1/plugins/com.st.stm32cube.ide.mcu.externaltools.gnu-tools-for-stm32.10.3-2021.10.linux64_1.0.0.202111181127/tools/bin/../lib/gcc/arm-none-eabi/10.3.1/thumb/v7e-m+fp/hard/crtn.o
                0x0000000008010cdc                . = ALIGN (0x4)
                0x0000000008010cdc                _etext = .

.vfp11_veneer   0x0000000008010cdc        0x0
 .vfp11_veneer  0x0000000008010cdc        0x0 linker stubs

.v4_bx          0x0000000008010cdc        0x0
 .v4_bx         0x0000000008010cdc        0x0 linker stubs

.iplt           0x0000000008010cdc        0x0
 .iplt          0x0000000008010cdc        0x0 /opt/st/stm32cubeide_1.10.1/plugins/com.st.stm32cube.ide.mcu.externaltools.gnu-tools-for-stm32.10.3-2021.10.linux64_1.0.0.202111181127/tools/bin/../lib/gcc/arm-none-eabi/10.3.1/thumb/v7e-m+fp/hard/crtbegin.o

.rodata         0x0000000008010ce0      0x618
                0x0000000008010ce0                . = ALIGN (0x4)
 *(.rodata)
 .rodata        0x0000000008010ce0        0x5 ./Core/Src/usbh_MIDI.o
 *(.rodata*)
 *fill*         0x0000000008010ce5        0x3 
 .rodata.AHBPrescTable
                0x0000000008010ce8       0x10 ./Core/Src/system_stm32f4xx.o
                0x0000000008010ce8                AHBPrescTable
 .rodata.APBPrescTable
                0x0000000008010cf8        0x8 ./Core/Src/system_stm32f4xx.o
                0x0000000008010cf8                APBPrescTable
 .rodata.flagBitshiftOffset.0
                0x0000000008010d00        0x8 ./Drivers/STM32F4xx_HAL_Driver/Src/stm32f4xx_hal_dma.o
 .rodata.bp     0x0000000008010d08       0x10 /opt/st/stm32cubeide_1.10.1/plugins/com.st.stm32cube.ide.mcu.externaltools.gnu-tools-for-stm32.10.3-2021.10.linux64_1.0.0.202111181127/tools/bin/../lib/gcc/arm-none-eabi/10.3.1/../../../../arm-none-eabi/lib/thumb/v7e-m+fp/hard/libm.a(lib_a-e_pow.o)
 .rodata.dp_h   0x0000000008010d18       0x10 /opt/st/stm32cubeide_1.10.1/plugins/com.st.stm32cube.ide.mcu.externaltools.gnu-tools-for-stm32.10.3-2021.10.linux64_1.0.0.202111181127/tools/bin/../lib/gcc/arm-none-eabi/10.3.1/../../../../arm-none-eabi/lib/thumb/v7e-m+fp/hard/libm.a(lib_a-e_pow.o)
 .rodata.dp_l   0x0000000008010d28       0x10 /opt/st/stm32cubeide_1.10.1/plugins/com.st.stm32cube.ide.mcu.externaltools.gnu-tools-for-stm32.10.3-2021.10.linux64_1.0.0.202111181127/tools/bin/../lib/gcc/arm-none-eabi/10.3.1/../../../../arm-none-eabi/lib/thumb/v7e-m+fp/hard/libm.a(lib_a-e_pow.o)
 .rodata.npio2_hw
                0x0000000008010d38       0x80 /opt/st/stm32cubeide_1.10.1/plugins/com.st.stm32cube.ide.mcu.externaltools.gnu-tools-for-stm32.10.3-2021.10.linux64_1.0.0.202111181127/tools/bin/../lib/gcc/arm-none-eabi/10.3.1/../../../../arm-none-eabi/lib/thumb/v7e-m+fp/hard/libm.a(lib_a-e_rem_pio2.o)
 .rodata.two_over_pi
                0x0000000008010db8      0x108 /opt/st/stm32cubeide_1.10.1/plugins/com.st.stm32cube.ide.mcu.externaltools.gnu-tools-for-stm32.10.3-2021.10.linux64_1.0.0.202111181127/tools/bin/../lib/gcc/arm-none-eabi/10.3.1/../../../../arm-none-eabi/lib/thumb/v7e-m+fp/hard/libm.a(lib_a-e_rem_pio2.o)
 .rodata.bp     0x0000000008010ec0        0x8 /opt/st/stm32cubeide_1.10.1/plugins/com.st.stm32cube.ide.mcu.externaltools.gnu-tools-for-stm32.10.3-2021.10.linux64_1.0.0.202111181127/tools/bin/../lib/gcc/arm-none-eabi/10.3.1/../../../../arm-none-eabi/lib/thumb/v7e-m+fp/hard/libm.a(lib_a-ef_pow.o)
 .rodata.dp_h   0x0000000008010ec8        0x8 /opt/st/stm32cubeide_1.10.1/plugins/com.st.stm32cube.ide.mcu.externaltools.gnu-tools-for-stm32.10.3-2021.10.linux64_1.0.0.202111181127/tools/bin/../lib/gcc/arm-none-eabi/10.3.1/../../../../arm-none-eabi/lib/thumb/v7e-m+fp/hard/libm.a(lib_a-ef_pow.o)
 .rodata.dp_l   0x0000000008010ed0        0x8 /opt/st/stm32cubeide_1.10.1/plugins/com.st.stm32cube.ide.mcu.externaltools.gnu-tools-for-stm32.10.3-2021.10.linux64_1.0.0.202111181127/tools/bin/../lib/gcc/arm-none-eabi/10.3.1/../../../../arm-none-eabi/lib/thumb/v7e-m+fp/hard/libm.a(lib_a-ef_pow.o)
 .rodata.npio2_hw
                0x0000000008010ed8       0x80 /opt/st/stm32cubeide_1.10.1/plugins/com.st.stm32cube.ide.mcu.externaltools.gnu-tools-for-stm32.10.3-2021.10.linux64_1.0.0.202111181127/tools/bin/../lib/gcc/arm-none-eabi/10.3.1/../../../../arm-none-eabi/lib/thumb/v7e-m+fp/hard/libm.a(lib_a-ef_rem_pio2.o)
 .rodata.two_over_pi
                0x0000000008010f58      0x318 /opt/st/stm32cubeide_1.10.1/plugins/com.st.stm32cube.ide.mcu.externaltools.gnu-tools-for-stm32.10.3-2021.10.linux64_1.0.0.202111181127/tools/bin/../lib/gcc/arm-none-eabi/10.3.1/../../../../arm-none-eabi/lib/thumb/v7e-m+fp/hard/libm.a(lib_a-ef_rem_pio2.o)
 .rodata.PIo2   0x0000000008011270       0x40 /opt/st/stm32cubeide_1.10.1/plugins/com.st.stm32cube.ide.mcu.externaltools.gnu-tools-for-stm32.10.3-2021.10.linux64_1.0.0.202111181127/tools/bin/../lib/gcc/arm-none-eabi/10.3.1/../../../../arm-none-eabi/lib/thumb/v7e-m+fp/hard/libm.a(lib_a-k_rem_pio2.o)
 .rodata.init_jk
                0x00000000080112b0       0x10 /opt/st/stm32cubeide_1.10.1/plugins/com.st.stm32cube.ide.mcu.externaltools.gnu-tools-for-stm32.10.3-2021.10.linux64_1.0.0.202111181127/tools/bin/../lib/gcc/arm-none-eabi/10.3.1/../../../../arm-none-eabi/lib/thumb/v7e-m+fp/hard/libm.a(lib_a-k_rem_pio2.o)